/home/jozefh/Development/mcu/prj/DC8500/Drivers/STM32U5xx_HAL_Driver/Src/stm32u5xx_hal_uart.c:3706:13:UART_EndTxTransfer	0	static,ignoring_inline_asm
/home/jozefh/Development/mcu/prj/DC8500/Drivers/STM32U5xx_HAL_Driver/Src/stm32u5xx_hal_uart.c:3723:13:UART_EndRxTransfer	8	static,ignoring_inline_asm
/home/jozefh/Development/mcu/prj/DC8500/Drivers/STM32U5xx_HAL_Driver/Src/stm32u5xx_hal_uart.c:4141:13:UART_TxISR_8BIT.part.0	0	static,ignoring_inline_asm
/home/jozefh/Development/mcu/prj/DC8500/Drivers/STM32U5xx_HAL_Driver/Src/stm32u5xx_hal_uart.c:4141:13:UART_TxISR_8BIT	0	static
/home/jozefh/Development/mcu/prj/DC8500/Drivers/STM32U5xx_HAL_Driver/Src/stm32u5xx_hal_uart.c:4170:13:UART_TxISR_16BIT	0	static
/home/jozefh/Development/mcu/prj/DC8500/Drivers/STM32U5xx_HAL_Driver/Src/stm32u5xx_hal_uart.c:4202:13:UART_TxISR_8BIT_FIFOEN	8	static,ignoring_inline_asm
/home/jozefh/Development/mcu/prj/DC8500/Drivers/STM32U5xx_HAL_Driver/Src/stm32u5xx_hal_uart.c:4242:13:UART_TxISR_16BIT_FIFOEN	8	static,ignoring_inline_asm
/home/jozefh/Development/mcu/prj/DC8500/Drivers/STM32U5xx_HAL_Driver/Src/stm32u5xx_hal_uart.c:681:13:HAL_UART_MspInit	0	static
/home/jozefh/Development/mcu/prj/DC8500/Drivers/STM32U5xx_HAL_Driver/Src/stm32u5xx_hal_uart.c:696:13:HAL_UART_MspDeInit	0	static
/home/jozefh/Development/mcu/prj/DC8500/Drivers/STM32U5xx_HAL_Driver/Src/stm32u5xx_hal_uart.c:634:19:HAL_UART_DeInit	16	static
/home/jozefh/Development/mcu/prj/DC8500/Drivers/STM32U5xx_HAL_Driver/Src/stm32u5xx_hal_uart.c:1299:19:HAL_UART_Transmit_IT	8	static,ignoring_inline_asm
/home/jozefh/Development/mcu/prj/DC8500/Drivers/STM32U5xx_HAL_Driver/Src/stm32u5xx_hal_uart.c:1425:19:HAL_UART_Transmit_DMA	16	static,ignoring_inline_asm
/home/jozefh/Development/mcu/prj/DC8500/Drivers/STM32U5xx_HAL_Driver/Src/stm32u5xx_hal_uart.c:1577:19:HAL_UART_DMAPause	16	static,ignoring_inline_asm
/home/jozefh/Development/mcu/prj/DC8500/Drivers/STM32U5xx_HAL_Driver/Src/stm32u5xx_hal_uart.c:1639:19:HAL_UART_DMAResume	8	static,ignoring_inline_asm
/home/jozefh/Development/mcu/prj/DC8500/Drivers/STM32U5xx_HAL_Driver/Src/stm32u5xx_hal_uart.c:1688:19:HAL_UART_DMAStop	16	static,ignoring_inline_asm
/home/jozefh/Development/mcu/prj/DC8500/Drivers/STM32U5xx_HAL_Driver/Src/stm32u5xx_hal_uart.c:1764:19:HAL_UART_Abort	8	static,ignoring_inline_asm
/home/jozefh/Development/mcu/prj/DC8500/Drivers/STM32U5xx_HAL_Driver/Src/stm32u5xx_hal_uart.c:1873:19:HAL_UART_AbortTransmit	8	static,ignoring_inline_asm
/home/jozefh/Development/mcu/prj/DC8500/Drivers/STM32U5xx_HAL_Driver/Src/stm32u5xx_hal_uart.c:1936:19:HAL_UART_AbortReceive	8	static,ignoring_inline_asm
/home/jozefh/Development/mcu/prj/DC8500/Drivers/STM32U5xx_HAL_Driver/Src/stm32u5xx_hal_uart.c:2703:13:HAL_UART_TxCpltCallback	0	static
/home/jozefh/Development/mcu/prj/DC8500/Drivers/STM32U5xx_HAL_Driver/Src/stm32u5xx_hal_uart.c:3750:13:UART_DMATransmitCplt	8	static,ignoring_inline_asm
/home/jozefh/Development/mcu/prj/DC8500/Drivers/STM32U5xx_HAL_Driver/Src/stm32u5xx_hal_uart.c:2718:13:HAL_UART_TxHalfCpltCallback	0	static
/home/jozefh/Development/mcu/prj/DC8500/Drivers/STM32U5xx_HAL_Driver/Src/stm32u5xx_hal_uart.c:3786:13:UART_DMATxHalfCplt	8	static
/home/jozefh/Development/mcu/prj/DC8500/Drivers/STM32U5xx_HAL_Driver/Src/stm32u5xx_hal_uart.c:2733:13:HAL_UART_RxCpltCallback	0	static
/home/jozefh/Development/mcu/prj/DC8500/Drivers/STM32U5xx_HAL_Driver/Src/stm32u5xx_hal_uart.c:2748:13:HAL_UART_RxHalfCpltCallback	0	static
/home/jozefh/Development/mcu/prj/DC8500/Drivers/STM32U5xx_HAL_Driver/Src/stm32u5xx_hal_uart.c:2763:13:HAL_UART_ErrorCallback	0	static
/home/jozefh/Development/mcu/prj/DC8500/Drivers/STM32U5xx_HAL_Driver/Src/stm32u5xx_hal_uart.c:3905:13:UART_DMAError	16	static
/home/jozefh/Development/mcu/prj/DC8500/Drivers/STM32U5xx_HAL_Driver/Src/stm32u5xx_hal_uart.c:3945:13:UART_DMAAbortOnError	8	static
/home/jozefh/Development/mcu/prj/DC8500/Drivers/STM32U5xx_HAL_Driver/Src/stm32u5xx_hal_uart.c:2778:13:HAL_UART_AbortCpltCallback	0	static
/home/jozefh/Development/mcu/prj/DC8500/Drivers/STM32U5xx_HAL_Driver/Src/stm32u5xx_hal_uart.c:2008:19:HAL_UART_Abort_IT	16	static,ignoring_inline_asm
/home/jozefh/Development/mcu/prj/DC8500/Drivers/STM32U5xx_HAL_Driver/Src/stm32u5xx_hal_uart.c:4022:13:UART_DMARxAbortCallback	8	static
/home/jozefh/Development/mcu/prj/DC8500/Drivers/STM32U5xx_HAL_Driver/Src/stm32u5xx_hal_uart.c:3967:13:UART_DMATxAbortCallback	8	static
/home/jozefh/Development/mcu/prj/DC8500/Drivers/STM32U5xx_HAL_Driver/Src/stm32u5xx_hal_uart.c:2793:13:HAL_UART_AbortTransmitCpltCallback	0	static
/home/jozefh/Development/mcu/prj/DC8500/Drivers/STM32U5xx_HAL_Driver/Src/stm32u5xx_hal_uart.c:2167:19:HAL_UART_AbortTransmit_IT	8	static,ignoring_inline_asm
/home/jozefh/Development/mcu/prj/DC8500/Drivers/STM32U5xx_HAL_Driver/Src/stm32u5xx_hal_uart.c:4074:13:UART_DMATxOnlyAbortCallback	8	static
/home/jozefh/Development/mcu/prj/DC8500/Drivers/STM32U5xx_HAL_Driver/Src/stm32u5xx_hal_uart.c:2808:13:HAL_UART_AbortReceiveCpltCallback	0	static
/home/jozefh/Development/mcu/prj/DC8500/Drivers/STM32U5xx_HAL_Driver/Src/stm32u5xx_hal_uart.c:2262:19:HAL_UART_AbortReceive_IT	8	static,ignoring_inline_asm
/home/jozefh/Development/mcu/prj/DC8500/Drivers/STM32U5xx_HAL_Driver/Src/stm32u5xx_hal_uart.c:4107:13:UART_DMARxOnlyAbortCallback	8	static
/home/jozefh/Development/mcu/prj/DC8500/Drivers/STM32U5xx_HAL_Driver/Src/stm32u5xx_hal_uart.c:2825:13:HAL_UARTEx_RxEventCallback	0	static
/home/jozefh/Development/mcu/prj/DC8500/Drivers/STM32U5xx_HAL_Driver/Src/stm32u5xx_hal_uart.c:2359:6:HAL_UART_IRQHandler	24	static,ignoring_inline_asm
/home/jozefh/Development/mcu/prj/DC8500/Drivers/STM32U5xx_HAL_Driver/Src/stm32u5xx_hal_uart.c:4308:13:UART_RxISR_8BIT	8	static,ignoring_inline_asm
/home/jozefh/Development/mcu/prj/DC8500/Drivers/STM32U5xx_HAL_Driver/Src/stm32u5xx_hal_uart.c:4399:13:UART_RxISR_16BIT	8	static,ignoring_inline_asm
/home/jozefh/Development/mcu/prj/DC8500/Drivers/STM32U5xx_HAL_Driver/Src/stm32u5xx_hal_uart.c:4492:13:UART_RxISR_8BIT_FIFOEN	32	static,ignoring_inline_asm
/home/jozefh/Development/mcu/prj/DC8500/Drivers/STM32U5xx_HAL_Driver/Src/stm32u5xx_hal_uart.c:4655:13:UART_RxISR_16BIT_FIFOEN	32	static,ignoring_inline_asm
/home/jozefh/Development/mcu/prj/DC8500/Drivers/STM32U5xx_HAL_Driver/Src/stm32u5xx_hal_uart.c:3867:13:UART_DMARxHalfCplt	8	static
/home/jozefh/Development/mcu/prj/DC8500/Drivers/STM32U5xx_HAL_Driver/Src/stm32u5xx_hal_uart.c:3804:13:UART_DMAReceiveCplt	8	static,ignoring_inline_asm
/home/jozefh/Development/mcu/prj/DC8500/Drivers/STM32U5xx_HAL_Driver/Src/stm32u5xx_hal_uart.c:2873:6:HAL_UART_ReceiverTimeout_Config	0	static
/home/jozefh/Development/mcu/prj/DC8500/Drivers/STM32U5xx_HAL_Driver/Src/stm32u5xx_hal_uart.c:2888:19:HAL_UART_EnableReceiverTimeout	0	static
/home/jozefh/Development/mcu/prj/DC8500/Drivers/STM32U5xx_HAL_Driver/Src/stm32u5xx_hal_uart.c:2926:19:HAL_UART_DisableReceiverTimeout	0	static
/home/jozefh/Development/mcu/prj/DC8500/Drivers/STM32U5xx_HAL_Driver/Src/stm32u5xx_hal_uart.c:3004:6:HAL_MultiProcessor_EnterMuteMode	0	static
/home/jozefh/Development/mcu/prj/DC8500/Drivers/STM32U5xx_HAL_Driver/Src/stm32u5xx_hal_uart.c:3014:19:HAL_HalfDuplex_EnableTransmitter	8	static,ignoring_inline_asm
/home/jozefh/Development/mcu/prj/DC8500/Drivers/STM32U5xx_HAL_Driver/Src/stm32u5xx_hal_uart.c:3037:19:HAL_HalfDuplex_EnableReceiver	8	static,ignoring_inline_asm
/home/jozefh/Development/mcu/prj/DC8500/Drivers/STM32U5xx_HAL_Driver/Src/stm32u5xx_hal_uart.c:3061:19:HAL_LIN_SendBreak	0	static
/home/jozefh/Development/mcu/prj/DC8500/Drivers/STM32U5xx_HAL_Driver/Src/stm32u5xx_hal_uart.c:3106:23:HAL_UART_GetState	0	static
/home/jozefh/Development/mcu/prj/DC8500/Drivers/STM32U5xx_HAL_Driver/Src/stm32u5xx_hal_uart.c:3122:10:HAL_UART_GetError	0	static
/home/jozefh/Development/mcu/prj/DC8500/Drivers/STM32U5xx_HAL_Driver/Src/stm32u5xx_hal_uart.c:3167:19:UART_SetConfig	16	static
/home/jozefh/Development/mcu/prj/DC8500/Drivers/STM32U5xx_HAL_Driver/Src/stm32u5xx_hal_uart.c:3324:6:UART_AdvFeatureConfig	8	static
/home/jozefh/Development/mcu/prj/DC8500/Drivers/STM32U5xx_HAL_Driver/Src/stm32u5xx_hal_uart.c:3469:19:UART_WaitOnFlagUntilTimeout	32	static
/home/jozefh/Development/mcu/prj/DC8500/Drivers/STM32U5xx_HAL_Driver/Src/stm32u5xx_hal_uart.c:1109:19:HAL_UART_Transmit	40	static
/home/jozefh/Development/mcu/prj/DC8500/Drivers/STM32U5xx_HAL_Driver/Src/stm32u5xx_hal_uart.c:1207:19:HAL_UART_Receive	40	static
/home/jozefh/Development/mcu/prj/DC8500/Drivers/STM32U5xx_HAL_Driver/Src/stm32u5xx_hal_uart.c:3400:19:UART_CheckIdleState	24	static,ignoring_inline_asm
/home/jozefh/Development/mcu/prj/DC8500/Drivers/STM32U5xx_HAL_Driver/Src/stm32u5xx_hal_uart.c:309:19:HAL_UART_Init	8	static
/home/jozefh/Development/mcu/prj/DC8500/Drivers/STM32U5xx_HAL_Driver/Src/stm32u5xx_hal_uart.c:384:19:HAL_HalfDuplex_Init	8	static
/home/jozefh/Development/mcu/prj/DC8500/Drivers/STM32U5xx_HAL_Driver/Src/stm32u5xx_hal_uart.c:459:19:HAL_LIN_Init	16	static
/home/jozefh/Development/mcu/prj/DC8500/Drivers/STM32U5xx_HAL_Driver/Src/stm32u5xx_hal_uart.c:558:19:HAL_MultiProcessor_Init	16	static
/home/jozefh/Development/mcu/prj/DC8500/Drivers/STM32U5xx_HAL_Driver/Src/stm32u5xx_hal_uart.c:2964:19:HAL_MultiProcessor_EnableMuteMode	0	static,ignoring_inline_asm
/home/jozefh/Development/mcu/prj/DC8500/Drivers/STM32U5xx_HAL_Driver/Src/stm32u5xx_hal_uart.c:2984:19:HAL_MultiProcessor_DisableMuteMode	0	static,ignoring_inline_asm
/home/jozefh/Development/mcu/prj/DC8500/Drivers/STM32U5xx_HAL_Driver/Src/stm32u5xx_hal_uart.c:3537:19:UART_Start_Receive_IT	12	static,ignoring_inline_asm
/home/jozefh/Development/mcu/prj/DC8500/Drivers/STM32U5xx_HAL_Driver/Src/stm32u5xx_hal_uart.c:1375:19:HAL_UART_Receive_IT	8	static,ignoring_inline_asm
/home/jozefh/Development/mcu/prj/DC8500/Drivers/STM32U5xx_HAL_Driver/Src/stm32u5xx_hal_uart.c:3610:19:UART_Start_Receive_DMA	16	static,ignoring_inline_asm
/home/jozefh/Development/mcu/prj/DC8500/Drivers/STM32U5xx_HAL_Driver/Src/stm32u5xx_hal_uart.c:1541:19:HAL_UART_Receive_DMA	8	static,ignoring_inline_asm
