/home/jozefh/Development/mcu/prj/DC8500/TouchGFX/target/generated/nema_hal.c:62:6:HAL_GPU2D_CommandListCpltCallback	16	static
/home/jozefh/Development/mcu/prj/DC8500/TouchGFX/target/generated/nema_hal.c:74:6:HAL_GPU2D_ErrorCallback	24	static
/home/jozefh/Development/mcu/prj/DC8500/TouchGFX/target/generated/nema_hal.c:82:9:nema_sys_init	48	static
/home/jozefh/Development/mcu/prj/DC8500/TouchGFX/target/generated/nema_hal.c:119:10:nema_reg_read	16	static
/home/jozefh/Development/mcu/prj/DC8500/TouchGFX/target/generated/nema_hal.c:124:6:nema_reg_write	16	static
/home/jozefh/Development/mcu/prj/DC8500/TouchGFX/target/generated/nema_hal.c:129:5:nema_wait_irq	8	static
/home/jozefh/Development/mcu/prj/DC8500/TouchGFX/target/generated/nema_hal.c:137:5:nema_wait_irq_cl	16	static
/home/jozefh/Development/mcu/prj/DC8500/TouchGFX/target/generated/nema_hal.c:147:5:nema_wait_irq_brk	16	static
/home/jozefh/Development/mcu/prj/DC8500/TouchGFX/target/generated/nema_hal.c:157:6:nema_host_free	16	static
/home/jozefh/Development/mcu/prj/DC8500/TouchGFX/target/generated/nema_hal.c:162:7:nema_host_malloc	16	static
/home/jozefh/Development/mcu/prj/DC8500/TouchGFX/target/generated/nema_hal.c:167:15:nema_buffer_create	40	static
/home/jozefh/Development/mcu/prj/DC8500/TouchGFX/target/generated/nema_hal.c:179:15:nema_buffer_create_pool	48	static
/home/jozefh/Development/mcu/prj/DC8500/TouchGFX/target/generated/nema_hal.c:192:7:nema_buffer_map	16	static
/home/jozefh/Development/mcu/prj/DC8500/TouchGFX/target/generated/nema_hal.c:197:6:nema_buffer_unmap	16	static
/home/jozefh/Development/mcu/prj/DC8500/TouchGFX/target/generated/nema_hal.c:203:6:nema_buffer_destroy	16	static
/home/jozefh/Development/mcu/prj/DC8500/TouchGFX/target/generated/nema_hal.c:218:11:nema_buffer_phys	16	static
/home/jozefh/Development/mcu/prj/DC8500/TouchGFX/target/generated/nema_hal.c:223:6:nema_buffer_flush	16	static
/home/jozefh/Development/mcu/prj/DC8500/TouchGFX/target/generated/nema_hal.c:229:5:nema_mutex_lock	24	static
/home/jozefh/Development/mcu/prj/DC8500/TouchGFX/target/generated/nema_hal.c:241:5:nema_mutex_unlock	24	static
