C:/Development/mcu/prj/DC8500/Core/Src/main.c:111:5:__io_putchar	1
C:/Development/mcu/prj/DC8500/Core/Src/main.c:226:6:SystemClock_Config	4
C:/Development/mcu/prj/DC8500/Core/Src/main.c:124:5:main	2
C:/Development/mcu/prj/DC8500/Core/Src/main.c:327:6:timer_syncho	14
C:/Development/mcu/prj/DC8500/Core/Src/main.c:412:6:MainReg_process	28
C:/Development/mcu/prj/DC8500/Core/Src/main.c:593:13:Modbus_process	7
C:/Development/mcu/prj/DC8500/Core/Src/main.c:688:6:HAL_RTC_AlarmAEventCallback	2
C:/Development/mcu/prj/DC8500/Core/Src/main.c:709:6:HAL_TIM_PeriodElapsedCallback	2
C:/Development/mcu/prj/DC8500/Core/Src/main.c:729:6:Error_Handler	1
