../Libraries/rs485/rs485.c:52:6:rs485_init	8	static
../Libraries/rs485/rs485.c:66:6:rs485_sendChar	16	static
../Libraries/rs485/rs485.c:80:6:rs485_sendBlock	16	static
../Libraries/rs485/rs485.c:93:6:rs485_sendString	16	static
../Libraries/rs485/rs485.c:112:6:rs485_clearBufTX	16	static
../Libraries/rs485/rs485.c:130:6:rs485_clearBufRX	16	static
../Libraries/rs485/rs485.c:148:6:rs485_restartReceiver	4	static
../Libraries/rs485/rs485.c:160:10:rs485_bytesAvailable	4	static
../Libraries/rs485/rs485.c:173:9:rs485_waitForReadyRead	32	static
../Libraries/rs485/rs485.c:200:6:HAL_UART_RxCpltCallback	16	static
