../../Middlewares/ST/touchgfx/framework/include/touchgfx/Screen.hpp:104:18:virtual void touchgfx::Screen::afterTransition()	0	static
../../Middlewares/ST/touchgfx/framework/include/touchgfx/Screen.hpp:144:18:virtual void touchgfx::Screen::handleTickEvent()	0	static
../../Middlewares/ST/touchgfx/framework/include/touchgfx/Screen.hpp:154:18:virtual void touchgfx::Screen::handleKeyEvent(uint8_t)	0	static
../../Middlewares/ST/touchgfx/framework/include/touchgfx/Callback.hpp:290:8:touchgfx::Callback<boilerScreenView, const touchgfx::TextAreaWithOneWildcard&, const touchgfx::ClickEvent&>::~Callback()	0	static
/home/jozefh/Development/mcu/prj/DC8500/TouchGFX/gui/src/boilerscreen_screen/boilerScreenView.cpp:33:6:virtual void boilerScreenView::tearDownScreen()	0	static
../../Middlewares/ST/touchgfx/framework/include/touchgfx/Callback.hpp:318:18:void touchgfx::Callback<dest_type, T1, T2, void>::execute(T1, T2) [with dest_type = boilerScreenView; T1 = const touchgfx::TextAreaWithOneWildcard&; T2 = const touchgfx::ClickEvent&]	12	static
../../Middlewares/ST/touchgfx/framework/include/touchgfx/Callback.hpp:328:18:bool touchgfx::Callback<dest_type, T1, T2, void>::isValid() const [with dest_type = boilerScreenView; T1 = const touchgfx::TextAreaWithOneWildcard&; T2 = const touchgfx::ClickEvent&]	0	static
../../Middlewares/ST/touchgfx/framework/include/touchgfx/Callback.hpp:290:8:virtual touchgfx::Callback<boilerScreenView, const touchgfx::TextAreaWithOneWildcard&, const touchgfx::ClickEvent&>::~Callback()	8	static
/home/jozefh/Development/mcu/prj/DC8500/TouchGFX/gui/src/boilerscreen_screen/boilerScreenView.cpp:38:6:void boilerScreenView::textAreaClickHandler(const touchgfx::TextAreaWithOneWildcard&, const touchgfx::ClickEvent&)	24	static
../../TouchGFX/gui/include/gui/boilerscreen_screen/boilerScreenView.hpp:12:13:boilerScreenView::~boilerScreenView()	16	static
../../TouchGFX/gui/include/gui/boilerscreen_screen/boilerScreenView.hpp:12:13:virtual boilerScreenView::~boilerScreenView()	8	static
/home/jozefh/Development/mcu/prj/DC8500/TouchGFX/gui/src/boilerscreen_screen/boilerScreenView.cpp:3:1:boilerScreenView::boilerScreenView()	8	static
/home/jozefh/Development/mcu/prj/DC8500/TouchGFX/gui/src/boilerscreen_screen/boilerScreenView.cpp:9:6:virtual void boilerScreenView::setupScreen()	40	static
