../../TouchGFX/gui/include/gui/model/ModelListener.hpp:20:18:virtual void ModelListener::updateIcons(uint8_t)	0	static
../../TouchGFX/gui/include/gui/model/ModelListener.hpp:21:18:virtual void ModelListener::updateClock()	0	static
../../TouchGFX/gui/include/gui/model/ModelListener.hpp:22:18:virtual void ModelListener::updateSensors()	0	static
../../TouchGFX/gui/include/gui/model/ModelListener.hpp:23:18:virtual void ModelListener::updateOutputs()	0	static
../../TouchGFX/gui/include/gui/model/ModelListener.hpp:24:18:virtual void ModelListener::updatePAirFlap()	0	static
../../TouchGFX/gui/include/gui/model/ModelListener.hpp:25:18:virtual void ModelListener::updateSAirFlap()	0	static
../../TouchGFX/gui/include/gui/model/ModelListener.hpp:26:18:virtual void ModelListener::updateEnergy()	0	static
../../TouchGFX/gui/include/gui/model/ModelListener.hpp:27:18:virtual void ModelListener::updateDebug()	0	static
../../TouchGFX/gui/include/gui/model/ModelListener.hpp:29:18:virtual void ModelListener::updateRegStatus()	0	static
../../TouchGFX/gui/include/gui/burnprocscreen_screen/burnProcScreenPresenter.hpp:28:13:burnProcScreenPresenter::~burnProcScreenPresenter()	0	static
/home/jozefh/Development/mcu/prj/DC8500/TouchGFX/gui/src/burnprocscreen_screen/burnProcScreenPresenter.cpp:19:6:virtual void burnProcScreenPresenter::deactivate()	0	static
../../TouchGFX/gui/include/gui/burnprocscreen_screen/burnProcScreenPresenter.hpp:28:13:virtual burnProcScreenPresenter::~burnProcScreenPresenter()	8	static
/home/jozefh/Development/mcu/prj/DC8500/TouchGFX/gui/src/burnprocscreen_screen/burnProcScreenPresenter.cpp:11:6:virtual void burnProcScreenPresenter::activate()	64	static
../../TouchGFX/gui/include/gui/burnprocscreen_screen/burnProcScreenPresenter.hpp:28:13:virtual void* burnProcScreenPresenter::_ZThn4_N23burnProcScreenPresenterD1Ev()	0	static
/home/jozefh/Development/mcu/prj/DC8500/TouchGFX/gui/src/burnprocscreen_screen/burnProcScreenPresenter.cpp:5:1:burnProcScreenPresenter::burnProcScreenPresenter(burnProcScreenView&)	0	static
/home/jozefh/Development/mcu/prj/DC8500/TouchGFX/gui/src/burnprocscreen_screen/burnProcScreenPresenter.cpp:25:6:void burnProcScreenPresenter::setBurnPhasesValues(burnPhases_st)	32	static
