../../Middlewares/ST/touchgfx/framework/include/touchgfx/Drawable.hpp:315:18:virtual void touchgfx::Drawable::setX(int16_t)	0	static
../../Middlewares/ST/touchgfx/framework/include/touchgfx/Drawable.hpp:327:18:virtual void touchgfx::Drawable::setY(int16_t)	0	static
../../Middlewares/ST/touchgfx/framework/include/touchgfx/Drawable.hpp:356:18:virtual void touchgfx::Drawable::setWidth(int16_t)	0	static
../../Middlewares/ST/touchgfx/framework/include/touchgfx/Drawable.hpp:368:18:virtual void touchgfx::Drawable::setHeight(int16_t)	0	static
../../Middlewares/ST/touchgfx/framework/include/touchgfx/Drawable.hpp:378:18:virtual void touchgfx::Drawable::childGeometryChanged()	0	static
../../Middlewares/ST/touchgfx/framework/include/touchgfx/Drawable.hpp:389:18:virtual void touchgfx::Drawable::handleClickEvent(const touchgfx::ClickEvent&)	0	static
../../Middlewares/ST/touchgfx/framework/include/touchgfx/Drawable.hpp:401:18:virtual void touchgfx::Drawable::handleGestureEvent(const touchgfx::GestureEvent&)	0	static
../../Middlewares/ST/touchgfx/framework/include/touchgfx/Drawable.hpp:490:18:virtual void touchgfx::Drawable::handleDragEvent(const touchgfx::DragEvent&)	0	static
../../Middlewares/ST/touchgfx/framework/include/touchgfx/Drawable.hpp:501:18:virtual void touchgfx::Drawable::handleTickEvent()	0	static
../../Middlewares/ST/touchgfx/framework/include/touchgfx/Drawable.hpp:588:18:virtual void touchgfx::Drawable::moveTo(int16_t, int16_t)	4	static
../../Middlewares/ST/touchgfx/framework/include/touchgfx/containers/Container.hpp:165:23:virtual touchgfx::Drawable* touchgfx::Container::getFirstChild()	0	static
../../Middlewares/ST/touchgfx/framework/include/touchgfx/Callback.hpp:357:8:touchgfx::Callback<ComboBoxItemCont, const touchgfx::AbstractButton&>::~Callback()	0	static
../../Middlewares/ST/touchgfx/framework/include/touchgfx/Callback.hpp:386:18:void touchgfx::Callback<dest_type, T1, void, void>::execute(T1) [with dest_type = ComboBoxItemCont; T1 = const touchgfx::AbstractButton&]	8	static
../../Middlewares/ST/touchgfx/framework/include/touchgfx/Callback.hpp:396:18:bool touchgfx::Callback<dest_type, T1, void, void>::isValid() const [with dest_type = ComboBoxItemCont; T1 = const touchgfx::AbstractButton&]	0	static
../../Middlewares/ST/touchgfx/framework/include/touchgfx/Callback.hpp:357:8:virtual touchgfx::Callback<ComboBoxItemCont, const touchgfx::AbstractButton&>::~Callback()	8	static
../../TouchGFX/gui/include/gui/containers/ComboBoxItemCont.hpp:12:13:ComboBoxItemCont::~ComboBoxItemCont()	8	static
../../TouchGFX/gui/include/gui/containers/ComboBoxItemCont.hpp:12:13:virtual ComboBoxItemCont::~ComboBoxItemCont()	8	static
../../Middlewares/ST/touchgfx/framework/include/touchgfx/Drawable.hpp:121:18:virtual void touchgfx::Drawable::invalidateContent() const	0	static
/home/jozefh/Development/mcu/prj/DC8500/TouchGFX/gui/src/containers/ComboBoxItemCont.cpp:51:6:void ComboBoxItemCont::itemSelectedHandler(const touchgfx::AbstractButton&)	8	static
/home/jozefh/Development/mcu/prj/DC8500/TouchGFX/gui/src/containers/ComboBoxItemCont.cpp:3:1:ComboBoxItemCont::ComboBoxItemCont()	8	static
/home/jozefh/Development/mcu/prj/DC8500/TouchGFX/gui/src/containers/ComboBoxItemCont.cpp:16:6:void ComboBoxItemCont::setText(const touchgfx::TypedText&)	8	static
/home/jozefh/Development/mcu/prj/DC8500/TouchGFX/gui/src/containers/ComboBoxItemCont.cpp:22:6:void ComboBoxItemCont::setIcon(touchgfx::BitmapId)	0	static
/home/jozefh/Development/mcu/prj/DC8500/TouchGFX/gui/src/containers/ComboBoxItemCont.cpp:28:6:void ComboBoxItemCont::setIndex(uint16_t)	0	static
/home/jozefh/Development/mcu/prj/DC8500/TouchGFX/gui/src/containers/ComboBoxItemCont.cpp:33:10:uint16_t ComboBoxItemCont::getIndex() const	0	static
/home/jozefh/Development/mcu/prj/DC8500/TouchGFX/gui/src/containers/ComboBoxItemCont.cpp:38:28:const touchgfx::TypedText& ComboBoxItemCont::getText() const	0	static
/home/jozefh/Development/mcu/prj/DC8500/TouchGFX/gui/src/containers/ComboBoxItemCont.cpp:45:6:void ComboBoxItemCont::setCallback(touchgfx::GenericCallback<const ComboBoxItemCont&>*)	0	static
/home/jozefh/Development/mcu/prj/DC8500/TouchGFX/gui/src/containers/ComboBoxItemCont.cpp:11:6:virtual void ComboBoxItemCont::initialize()	0	static
