../../Middlewares/ST/touchgfx/framework/include/touchgfx/Drawable.hpp:315:18:virtual void touchgfx::Drawable::setX(int16_t)	0	static
../../Middlewares/ST/touchgfx/framework/include/touchgfx/Drawable.hpp:327:18:virtual void touchgfx::Drawable::setY(int16_t)	0	static
../../Middlewares/ST/touchgfx/framework/include/touchgfx/Drawable.hpp:356:18:virtual void touchgfx::Drawable::setWidth(int16_t)	0	static
../../Middlewares/ST/touchgfx/framework/include/touchgfx/Drawable.hpp:368:18:virtual void touchgfx::Drawable::setHeight(int16_t)	0	static
../../Middlewares/ST/touchgfx/framework/include/touchgfx/Drawable.hpp:378:18:virtual void touchgfx::Drawable::childGeometryChanged()	0	static
../../Middlewares/ST/touchgfx/framework/include/touchgfx/Drawable.hpp:389:18:virtual void touchgfx::Drawable::handleClickEvent(const touchgfx::ClickEvent&)	0	static
../../Middlewares/ST/touchgfx/framework/include/touchgfx/Drawable.hpp:401:18:virtual void touchgfx::Drawable::handleGestureEvent(const touchgfx::GestureEvent&)	0	static
../../Middlewares/ST/touchgfx/framework/include/touchgfx/Drawable.hpp:490:18:virtual void touchgfx::Drawable::handleDragEvent(const touchgfx::DragEvent&)	0	static
../../Middlewares/ST/touchgfx/framework/include/touchgfx/Drawable.hpp:501:18:virtual void touchgfx::Drawable::handleTickEvent()	0	static
../../Middlewares/ST/touchgfx/framework/include/touchgfx/Drawable.hpp:588:18:virtual void touchgfx::Drawable::moveTo(int16_t, int16_t)	4	static
../../Middlewares/ST/touchgfx/framework/include/touchgfx/containers/Container.hpp:165:23:virtual touchgfx::Drawable* touchgfx::Container::getFirstChild()	0	static
C:/Development/mcu/prj/DC8500/TouchGFX/gui/src/containers/EditNumDlgCont.cpp:93:6:virtual void EditNumDlgCont::closeBtn_clicked()	0	static
C:/Development/mcu/prj/DC8500/TouchGFX/gui/src/containers/EditNumDlgCont.cpp:71:6:virtual void EditNumDlgCont::okBtn_clicked()	8	static
../../TouchGFX/gui/include/gui/containers/EditNumDlgCont.hpp:15:13:EditNumDlgCont::~EditNumDlgCont()	8	static
../../TouchGFX/gui/include/gui/containers/EditNumDlgCont.hpp:15:13:virtual EditNumDlgCont::~EditNumDlgCont()	8	static
../../Middlewares/ST/touchgfx/framework/include/touchgfx/Drawable.hpp:121:18:virtual void touchgfx::Drawable::invalidateContent() const	0	static
C:/Development/mcu/prj/DC8500/TouchGFX/gui/src/containers/EditNumDlgCont.cpp:3:1:EditNumDlgCont::EditNumDlgCont()	8	static
C:/Development/mcu/prj/DC8500/TouchGFX/gui/src/containers/EditNumDlgCont.cpp:53:6:void EditNumDlgCont::_print_value(touchgfx::Unicode::UnicodeChar*, uint16_t, eTypeValue, uint16_t)	4	static
C:/Development/mcu/prj/DC8500/TouchGFX/gui/src/containers/EditNumDlgCont.cpp:133:6:virtual void EditNumDlgCont::sliderChangeVal(int)	24	static
C:/Development/mcu/prj/DC8500/TouchGFX/gui/src/containers/EditNumDlgCont.cpp:8:6:virtual void EditNumDlgCont::initialize()	0	static
C:/Development/mcu/prj/DC8500/TouchGFX/gui/src/containers/EditNumDlgCont.cpp:16:6:void EditNumDlgCont::showModal(touchgfx::ModalWindow*, MenuList_ItemNumberCont*, uint16_t, uint16_t)	48	static
C:/Development/mcu/prj/DC8500/TouchGFX/gui/src/containers/EditNumDlgCont.cpp:105:6:virtual void EditNumDlgCont::upBtn_clicked()	8	static
C:/Development/mcu/prj/DC8500/TouchGFX/gui/src/containers/EditNumDlgCont.cpp:119:6:virtual void EditNumDlgCont::downBtn_clicked()	8	static
