../../TouchGFX/gui/include/gui/model/ModelListener.hpp:20:18:virtual void ModelListener::updateIcons(uint8_t)	0	static
../../TouchGFX/gui/include/gui/model/ModelListener.hpp:21:18:virtual void ModelListener::updateClock()	0	static
../../TouchGFX/gui/include/gui/model/ModelListener.hpp:22:18:virtual void ModelListener::updateSensors()	0	static
../../TouchGFX/gui/include/gui/model/ModelListener.hpp:23:18:virtual void ModelListener::updateOutputs()	0	static
../../TouchGFX/gui/include/gui/model/ModelListener.hpp:24:18:virtual void ModelListener::updatePAirFlap()	0	static
../../TouchGFX/gui/include/gui/model/ModelListener.hpp:25:18:virtual void ModelListener::updateSAirFlap()	0	static
../../TouchGFX/gui/include/gui/model/ModelListener.hpp:26:18:virtual void ModelListener::updateEnergy()	0	static
../../TouchGFX/gui/include/gui/model/ModelListener.hpp:27:18:virtual void ModelListener::updateDebug()	0	static
../../TouchGFX/gui/include/gui/model/ModelListener.hpp:29:18:virtual void ModelListener::updateRegStatus()	0	static
../../TouchGFX/gui/include/gui/exservicescreen_screen/exserviceScreenPresenter.hpp:28:13:exserviceScreenPresenter::~exserviceScreenPresenter()	0	static
/home/jozefh/Development/mcu/prj/DC8500/TouchGFX/gui/src/exservicescreen_screen/exserviceScreenPresenter.cpp:10:6:virtual void exserviceScreenPresenter::activate()	0	static
../../TouchGFX/gui/include/gui/exservicescreen_screen/exserviceScreenPresenter.hpp:28:13:virtual exserviceScreenPresenter::~exserviceScreenPresenter()	8	static
../../TouchGFX/gui/include/gui/exservicescreen_screen/exserviceScreenPresenter.hpp:28:13:virtual void* exserviceScreenPresenter::_ZThn4_N24exserviceScreenPresenterD1Ev()	0	static
/home/jozefh/Development/mcu/prj/DC8500/TouchGFX/gui/src/exservicescreen_screen/exserviceScreenPresenter.cpp:4:1:exserviceScreenPresenter::exserviceScreenPresenter(exserviceScreenView&)	0	static
