../../Middlewares/ST/touchgfx/framework/include/touchgfx/Screen.hpp:104:18:virtual void touchgfx::Screen::afterTransition()	0	static
../../Middlewares/ST/touchgfx/framework/include/touchgfx/Screen.hpp:144:18:virtual void touchgfx::Screen::handleTickEvent()	0	static
../../Middlewares/ST/touchgfx/framework/include/touchgfx/Screen.hpp:154:18:virtual void touchgfx::Screen::handleKeyEvent(uint8_t)	0	static
/home/jozefh/Development/mcu/prj/DC8500/TouchGFX/gui/src/exservicescreen_screen/exserviceScreenView.cpp:13:6:virtual void exserviceScreenView::tearDownScreen()	0	static
../../TouchGFX/gui/include/gui/exservicescreen_screen/exserviceScreenView.hpp:11:13:exserviceScreenView::~exserviceScreenView()	8	static
../../TouchGFX/gui/include/gui/exservicescreen_screen/exserviceScreenView.hpp:11:13:virtual exserviceScreenView::~exserviceScreenView()	8	static
/home/jozefh/Development/mcu/prj/DC8500/TouchGFX/gui/src/exservicescreen_screen/exserviceScreenView.cpp:3:1:exserviceScreenView::exserviceScreenView()	8	static
/home/jozefh/Development/mcu/prj/DC8500/TouchGFX/gui/src/exservicescreen_screen/exserviceScreenView.cpp:8:6:virtual void exserviceScreenView::setupScreen()	0	static
