../../TouchGFX/gui/include/gui/mainscreen_screen/mainScreenPresenter.hpp:31:13:mainScreenPresenter::~mainScreenPresenter()	0	static
C:/Development/mcu/prj/DC8500/TouchGFX/gui/src/mainscreen_screen/mainScreenPresenter.cpp:28:6:virtual void mainScreenPresenter::deactivate()	0	static
../../TouchGFX/gui/include/gui/mainscreen_screen/mainScreenPresenter.hpp:31:13:virtual mainScreenPresenter::~mainScreenPresenter()	8	static
C:/Development/mcu/prj/DC8500/TouchGFX/gui/src/mainscreen_screen/mainScreenPresenter.cpp:11:6:virtual void mainScreenPresenter::activate()	16	static
C:/Development/mcu/prj/DC8500/TouchGFX/gui/src/mainscreen_screen/mainScreenPresenter.cpp:33:6:virtual void mainScreenPresenter::updateClock()	16	static
C:/Development/mcu/prj/DC8500/TouchGFX/gui/src/mainscreen_screen/mainScreenPresenter.cpp:42:6:virtual void mainScreenPresenter::updateIcons(uint8_t)	0	static
C:/Development/mcu/prj/DC8500/TouchGFX/gui/src/mainscreen_screen/mainScreenPresenter.cpp:51:6:virtual void mainScreenPresenter::updateSensors()	40	static
C:/Development/mcu/prj/DC8500/TouchGFX/gui/src/mainscreen_screen/mainScreenPresenter.cpp:83:6:virtual void mainScreenPresenter::updateOutputs()	40	static
C:/Development/mcu/prj/DC8500/TouchGFX/gui/src/mainscreen_screen/mainScreenPresenter.cpp:98:6:virtual void mainScreenPresenter::updatePAirFlap()	16	static
C:/Development/mcu/prj/DC8500/TouchGFX/gui/src/mainscreen_screen/mainScreenPresenter.cpp:106:6:virtual void mainScreenPresenter::updateSAirFlap()	16	static
C:/Development/mcu/prj/DC8500/TouchGFX/gui/src/mainscreen_screen/mainScreenPresenter.cpp:140:6:virtual void mainScreenPresenter::updateDebug()	0	static
C:/Development/mcu/prj/DC8500/TouchGFX/gui/src/mainscreen_screen/mainScreenPresenter.cpp:134:6:virtual void mainScreenPresenter::updateEnergy()	0	static
C:/Development/mcu/prj/DC8500/TouchGFX/gui/src/mainscreen_screen/mainScreenPresenter.cpp:114:6:virtual void mainScreenPresenter::updateRegStatus()	16	static
../../TouchGFX/gui/include/gui/mainscreen_screen/mainScreenPresenter.hpp:31:13:virtual void* mainScreenPresenter::_ZThn4_N19mainScreenPresenterD1Ev()	0	static
C:/Development/mcu/prj/DC8500/TouchGFX/gui/src/mainscreen_screen/mainScreenPresenter.cpp:5:1:mainScreenPresenter::mainScreenPresenter(mainScreenView&)	0	static
C:/Development/mcu/prj/DC8500/TouchGFX/gui/src/mainscreen_screen/mainScreenPresenter.cpp:145:6:void mainScreenPresenter::doorBtnAction()	24	static
C:/Development/mcu/prj/DC8500/TouchGFX/gui/src/mainscreen_screen/mainScreenPresenter.cpp:170:6:void mainScreenPresenter::doorBtnInit()	16	static
C:/Development/mcu/prj/DC8500/TouchGFX/gui/src/mainscreen_screen/mainScreenPresenter.cpp:191:6:void mainScreenPresenter::soundBtnAction(uint8_t)	0	static
C:/Development/mcu/prj/DC8500/TouchGFX/gui/src/mainscreen_screen/mainScreenPresenter.cpp:196:6:void mainScreenPresenter::setBPrqFlueTemp(uint16_t)	0	static
