../../TouchGFX/gui/include/gui/mainscreen_screen/mainScreenPresenter.hpp:31:13:mainScreenPresenter::~mainScreenPresenter()	0	static
/home/jozefh/Development/mcu/prj/DC8500/TouchGFX/gui/src/mainscreen_screen/mainScreenPresenter.cpp:24:6:virtual void mainScreenPresenter::deactivate()	0	static
../../TouchGFX/gui/include/gui/mainscreen_screen/mainScreenPresenter.hpp:31:13:virtual mainScreenPresenter::~mainScreenPresenter()	8	static
/home/jozefh/Development/mcu/prj/DC8500/TouchGFX/gui/src/mainscreen_screen/mainScreenPresenter.cpp:11:6:virtual void mainScreenPresenter::activate()	16	static
/home/jozefh/Development/mcu/prj/DC8500/TouchGFX/gui/src/mainscreen_screen/mainScreenPresenter.cpp:29:6:virtual void mainScreenPresenter::updateClock()	16	static
/home/jozefh/Development/mcu/prj/DC8500/TouchGFX/gui/src/mainscreen_screen/mainScreenPresenter.cpp:38:6:virtual void mainScreenPresenter::updateIcons(uint8_t)	0	static
/home/jozefh/Development/mcu/prj/DC8500/TouchGFX/gui/src/mainscreen_screen/mainScreenPresenter.cpp:47:6:virtual void mainScreenPresenter::updateSensors()	40	static
/home/jozefh/Development/mcu/prj/DC8500/TouchGFX/gui/src/mainscreen_screen/mainScreenPresenter.cpp:79:6:virtual void mainScreenPresenter::updateOutputs()	24	static
/home/jozefh/Development/mcu/prj/DC8500/TouchGFX/gui/src/mainscreen_screen/mainScreenPresenter.cpp:89:6:virtual void mainScreenPresenter::updatePAirFlap()	16	static
/home/jozefh/Development/mcu/prj/DC8500/TouchGFX/gui/src/mainscreen_screen/mainScreenPresenter.cpp:97:6:virtual void mainScreenPresenter::updateSAirFlap()	16	static
/home/jozefh/Development/mcu/prj/DC8500/TouchGFX/gui/src/mainscreen_screen/mainScreenPresenter.cpp:131:6:virtual void mainScreenPresenter::updateDebug()	0	static
/home/jozefh/Development/mcu/prj/DC8500/TouchGFX/gui/src/mainscreen_screen/mainScreenPresenter.cpp:125:6:virtual void mainScreenPresenter::updateEnergy()	0	static
/home/jozefh/Development/mcu/prj/DC8500/TouchGFX/gui/src/mainscreen_screen/mainScreenPresenter.cpp:105:6:virtual void mainScreenPresenter::updateRegStatus()	16	static
../../TouchGFX/gui/include/gui/mainscreen_screen/mainScreenPresenter.hpp:31:13:virtual void* mainScreenPresenter::_ZThn4_N19mainScreenPresenterD1Ev()	0	static
/home/jozefh/Development/mcu/prj/DC8500/TouchGFX/gui/src/mainscreen_screen/mainScreenPresenter.cpp:5:1:mainScreenPresenter::mainScreenPresenter(mainScreenView&)	0	static
/home/jozefh/Development/mcu/prj/DC8500/TouchGFX/gui/src/mainscreen_screen/mainScreenPresenter.cpp:136:6:void mainScreenPresenter::doorBtnAction()	24	static
/home/jozefh/Development/mcu/prj/DC8500/TouchGFX/gui/src/mainscreen_screen/mainScreenPresenter.cpp:161:6:void mainScreenPresenter::doorBtnInit()	16	static
/home/jozefh/Development/mcu/prj/DC8500/TouchGFX/gui/src/mainscreen_screen/mainScreenPresenter.cpp:182:6:void mainScreenPresenter::soundBtnAction(uint8_t)	0	static
/home/jozefh/Development/mcu/prj/DC8500/TouchGFX/gui/src/mainscreen_screen/mainScreenPresenter.cpp:187:6:void mainScreenPresenter::setBPrqFlueTemp(uint16_t)	0	static
