../../TouchGFX/gui/include/gui/model/ModelListener.hpp:20:18:virtual void ModelListener::updateIcons(uint8_t)	0	static
../../TouchGFX/gui/include/gui/model/ModelListener.hpp:21:18:virtual void ModelListener::updateClock()	0	static
../../TouchGFX/gui/include/gui/model/ModelListener.hpp:22:18:virtual void ModelListener::updateSensors()	0	static
../../TouchGFX/gui/include/gui/model/ModelListener.hpp:23:18:virtual void ModelListener::updateOutputs()	0	static
../../TouchGFX/gui/include/gui/model/ModelListener.hpp:24:18:virtual void ModelListener::updatePAirFlap()	0	static
../../TouchGFX/gui/include/gui/model/ModelListener.hpp:25:18:virtual void ModelListener::updateSAirFlap()	0	static
../../TouchGFX/gui/include/gui/model/ModelListener.hpp:26:18:virtual void ModelListener::updateEnergy()	0	static
../../TouchGFX/gui/include/gui/model/ModelListener.hpp:27:18:virtual void ModelListener::updateDebug()	0	static
../../TouchGFX/gui/include/gui/model/ModelListener.hpp:29:18:virtual void ModelListener::updateRegStatus()	0	static
../../TouchGFX/gui/include/gui/manualscreen_screen/manualScreenPresenter.hpp:28:13:manualScreenPresenter::~manualScreenPresenter()	0	static
/home/jozefh/Development/mcu/prj/DC8500/TouchGFX/gui/src/manualscreen_screen/manualScreenPresenter.cpp:38:6:virtual void manualScreenPresenter::deactivate()	0	static
../../TouchGFX/gui/include/gui/manualscreen_screen/manualScreenPresenter.hpp:28:13:virtual manualScreenPresenter::~manualScreenPresenter()	8	static
/home/jozefh/Development/mcu/prj/DC8500/TouchGFX/gui/src/manualscreen_screen/manualScreenPresenter.cpp:10:6:virtual void manualScreenPresenter::activate()	16	static
../../TouchGFX/gui/include/gui/manualscreen_screen/manualScreenPresenter.hpp:28:13:virtual void* manualScreenPresenter::_ZThn4_N21manualScreenPresenterD1Ev()	0	static
/home/jozefh/Development/mcu/prj/DC8500/TouchGFX/gui/src/manualscreen_screen/manualScreenPresenter.cpp:4:1:manualScreenPresenter::manualScreenPresenter(manualScreenView&)	0	static
/home/jozefh/Development/mcu/prj/DC8500/TouchGFX/gui/src/manualscreen_screen/manualScreenPresenter.cpp:43:6:void manualScreenPresenter::setOutputMode(uint8_t, uint8_t)	0	static
/home/jozefh/Development/mcu/prj/DC8500/TouchGFX/gui/src/manualscreen_screen/manualScreenPresenter.cpp:48:6:void manualScreenPresenter::setFlapModeAndPos(uint8_t, uint8_t, uint8_t)	0	static
