../../TouchGFX/gui/include/gui/model/ModelListener.hpp:20:18:virtual void ModelListener::updateIcons(uint8_t)	0	static
../../TouchGFX/gui/include/gui/model/ModelListener.hpp:21:18:virtual void ModelListener::updateClock()	0	static
../../TouchGFX/gui/include/gui/model/ModelListener.hpp:22:18:virtual void ModelListener::updateSensors()	0	static
../../TouchGFX/gui/include/gui/model/ModelListener.hpp:23:18:virtual void ModelListener::updateOutputs()	0	static
../../TouchGFX/gui/include/gui/model/ModelListener.hpp:24:18:virtual void ModelListener::updatePAirFlap()	0	static
../../TouchGFX/gui/include/gui/model/ModelListener.hpp:25:18:virtual void ModelListener::updateSAirFlap()	0	static
../../TouchGFX/gui/include/gui/model/ModelListener.hpp:26:18:virtual void ModelListener::updateEnergy()	0	static
../../TouchGFX/gui/include/gui/model/ModelListener.hpp:27:18:virtual void ModelListener::updateDebug()	0	static
../../TouchGFX/gui/include/gui/model/ModelListener.hpp:29:18:virtual void ModelListener::updateRegStatus()	0	static
../../TouchGFX/gui/include/gui/modeioscreen_screen/modeIOScreenPresenter.hpp:28:13:modeIOScreenPresenter::~modeIOScreenPresenter()	0	static
C:/Development/mcu/prj/DC8500/TouchGFX/gui/src/modeioscreen_screen/modeIOScreenPresenter.cpp:30:6:virtual void modeIOScreenPresenter::deactivate()	0	static
../../TouchGFX/gui/include/gui/modeioscreen_screen/modeIOScreenPresenter.hpp:28:13:virtual modeIOScreenPresenter::~modeIOScreenPresenter()	8	static
C:/Development/mcu/prj/DC8500/TouchGFX/gui/src/modeioscreen_screen/modeIOScreenPresenter.cpp:10:6:virtual void modeIOScreenPresenter::activate()	24	static
../../TouchGFX/gui/include/gui/modeioscreen_screen/modeIOScreenPresenter.hpp:28:13:virtual void* modeIOScreenPresenter::_ZThn4_N21modeIOScreenPresenterD1Ev()	0	static
C:/Development/mcu/prj/DC8500/TouchGFX/gui/src/modeioscreen_screen/modeIOScreenPresenter.cpp:4:1:modeIOScreenPresenter::modeIOScreenPresenter(modeIOScreenView&)	0	static
C:/Development/mcu/prj/DC8500/TouchGFX/gui/src/modeioscreen_screen/modeIOScreenPresenter.cpp:35:6:void modeIOScreenPresenter::saveOutputComboBox(uint8_t, uint8_t)	0	static
C:/Development/mcu/prj/DC8500/TouchGFX/gui/src/modeioscreen_screen/modeIOScreenPresenter.cpp:40:6:void modeIOScreenPresenter::saveDInComboBox(uint8_t, uint8_t)	16	static
C:/Development/mcu/prj/DC8500/TouchGFX/gui/src/modeioscreen_screen/modeIOScreenPresenter.cpp:48:6:void modeIOScreenPresenter::saveCModeP1Box(uint8_t, uint8_t, uint8_t)	8	static
