../../TouchGFX/gui/include/gui/model/ModelListener.hpp:20:18:virtual void ModelListener::updateIcons(uint8_t)	0	static
../../TouchGFX/gui/include/gui/model/ModelListener.hpp:21:18:virtual void ModelListener::updateClock()	0	static
../../TouchGFX/gui/include/gui/model/ModelListener.hpp:22:18:virtual void ModelListener::updateSensors()	0	static
../../TouchGFX/gui/include/gui/model/ModelListener.hpp:23:18:virtual void ModelListener::updateOutputs()	0	static
../../TouchGFX/gui/include/gui/model/ModelListener.hpp:24:18:virtual void ModelListener::updatePAirFlap()	0	static
../../TouchGFX/gui/include/gui/model/ModelListener.hpp:25:18:virtual void ModelListener::updateSAirFlap()	0	static
../../TouchGFX/gui/include/gui/model/ModelListener.hpp:26:18:virtual void ModelListener::updateEnergy()	0	static
../../TouchGFX/gui/include/gui/model/ModelListener.hpp:27:18:virtual void ModelListener::updateDebug()	0	static
../../TouchGFX/gui/include/gui/model/ModelListener.hpp:29:18:virtual void ModelListener::updateRegStatus()	0	static
../../TouchGFX/gui/include/gui/passwordscreen_screen/passwordScreenPresenter.hpp:28:13:passwordScreenPresenter::~passwordScreenPresenter()	0	static
/home/jozefh/Development/mcu/prj/DC8500/TouchGFX/gui/src/passwordscreen_screen/passwordScreenPresenter.cpp:10:6:virtual void passwordScreenPresenter::activate()	0	static
../../TouchGFX/gui/include/gui/passwordscreen_screen/passwordScreenPresenter.hpp:28:13:virtual passwordScreenPresenter::~passwordScreenPresenter()	8	static
../../TouchGFX/gui/include/gui/passwordscreen_screen/passwordScreenPresenter.hpp:28:13:virtual void* passwordScreenPresenter::_ZThn4_N23passwordScreenPresenterD1Ev()	0	static
/home/jozefh/Development/mcu/prj/DC8500/TouchGFX/gui/src/passwordscreen_screen/passwordScreenPresenter.cpp:4:1:passwordScreenPresenter::passwordScreenPresenter(passwordScreenView&)	0	static
