../../Middlewares/ST/touchgfx/framework/include/touchgfx/Screen.hpp:104:18:virtual void touchgfx::Screen::afterTransition()	0	static
../../Middlewares/ST/touchgfx/framework/include/touchgfx/Screen.hpp:144:18:virtual void touchgfx::Screen::handleTickEvent()	0	static
../../Middlewares/ST/touchgfx/framework/include/touchgfx/Screen.hpp:154:18:virtual void touchgfx::Screen::handleKeyEvent(uint8_t)	0	static
../../Middlewares/ST/touchgfx/framework/include/touchgfx/Callback.hpp:357:8:touchgfx::Callback<passwordScreenView, const touchgfx::AbstractButton&>::~Callback()	0	static
C:/Development/mcu/prj/DC8500/TouchGFX/gui/src/passwordscreen_screen/passwordScreenView.cpp:37:6:virtual void passwordScreenView::tearDownScreen()	0	static
../../Middlewares/ST/touchgfx/framework/include/touchgfx/Callback.hpp:386:18:void touchgfx::Callback<dest_type, T1, void, void>::execute(T1) [with dest_type = passwordScreenView; T1 = const touchgfx::AbstractButton&]	8	static
../../Middlewares/ST/touchgfx/framework/include/touchgfx/Callback.hpp:396:18:bool touchgfx::Callback<dest_type, T1, void, void>::isValid() const [with dest_type = passwordScreenView; T1 = const touchgfx::AbstractButton&]	0	static
../../Middlewares/ST/touchgfx/framework/include/touchgfx/Callback.hpp:357:8:virtual touchgfx::Callback<passwordScreenView, const touchgfx::AbstractButton&>::~Callback()	8	static
../../TouchGFX/gui/include/gui/passwordscreen_screen/passwordScreenView.hpp:13:13:passwordScreenView::~passwordScreenView()	8	static
../../TouchGFX/gui/include/gui/passwordscreen_screen/passwordScreenView.hpp:13:13:virtual passwordScreenView::~passwordScreenView()	8	static
C:/Development/mcu/prj/DC8500/TouchGFX/gui/src/passwordscreen_screen/passwordScreenView.cpp:9:1:passwordScreenView::passwordScreenView()	8	static
C:/Development/mcu/prj/DC8500/TouchGFX/gui/src/passwordscreen_screen/passwordScreenView.cpp:108:6:void passwordScreenView::updatePassTextArea()	32	static
C:/Development/mcu/prj/DC8500/TouchGFX/gui/src/passwordscreen_screen/passwordScreenView.cpp:14:6:virtual void passwordScreenView::setupScreen()	8	static
C:/Development/mcu/prj/DC8500/TouchGFX/gui/src/passwordscreen_screen/passwordScreenView.cpp:68:6:void passwordScreenView::appendChar(char)	16	static
C:/Development/mcu/prj/DC8500/TouchGFX/gui/src/passwordscreen_screen/passwordScreenView.cpp:98:6:void passwordScreenView::removeLastChar()	0	static
C:/Development/mcu/prj/DC8500/TouchGFX/gui/src/passwordscreen_screen/passwordScreenView.cpp:42:6:void passwordScreenView::handleBtnClicked(const touchgfx::AbstractButton&)	0	static
