../../Middlewares/ST/touchgfx/framework/include/touchgfx/Screen.hpp:104:18:virtual void touchgfx::Screen::afterTransition()	0	static
../../Middlewares/ST/touchgfx/framework/include/touchgfx/Screen.hpp:144:18:virtual void touchgfx::Screen::handleTickEvent()	0	static
../../Middlewares/ST/touchgfx/framework/include/touchgfx/Screen.hpp:154:18:virtual void touchgfx::Screen::handleKeyEvent(uint8_t)	0	static
../../Middlewares/ST/touchgfx/framework/include/touchgfx/Callback.hpp:290:8:touchgfx::Callback<pflapScreenView, const touchgfx::TextAreaWithOneWildcard&, const touchgfx::ClickEvent&>::~Callback()	0	static
/home/jozefh/Development/mcu/prj/DC8500/TouchGFX/gui/src/pflapscreen_screen/pflapScreenView.cpp:49:6:virtual void pflapScreenView::tearDownScreen()	0	static
../../Middlewares/ST/touchgfx/framework/include/touchgfx/Callback.hpp:318:18:void touchgfx::Callback<dest_type, T1, T2, void>::execute(T1, T2) [with dest_type = pflapScreenView; T1 = const touchgfx::TextAreaWithOneWildcard&; T2 = const touchgfx::ClickEvent&]	12	static
../../Middlewares/ST/touchgfx/framework/include/touchgfx/Callback.hpp:328:18:bool touchgfx::Callback<dest_type, T1, T2, void>::isValid() const [with dest_type = pflapScreenView; T1 = const touchgfx::TextAreaWithOneWildcard&; T2 = const touchgfx::ClickEvent&]	0	static
../../Middlewares/ST/touchgfx/framework/include/touchgfx/Callback.hpp:290:8:virtual touchgfx::Callback<pflapScreenView, const touchgfx::TextAreaWithOneWildcard&, const touchgfx::ClickEvent&>::~Callback()	8	static
/home/jozefh/Development/mcu/prj/DC8500/TouchGFX/gui/src/pflapscreen_screen/pflapScreenView.cpp:97:6:virtual void pflapScreenView::okBtn_clicked()	72	static
/home/jozefh/Development/mcu/prj/DC8500/TouchGFX/gui/src/pflapscreen_screen/pflapScreenView.cpp:65:6:void pflapScreenView::textAreaClickHandler(const touchgfx::TextAreaWithOneWildcard&, const touchgfx::ClickEvent&)	24	static
../../TouchGFX/gui/include/gui/containers/MenuList_ItemNumberCont.hpp:14:13:MenuList_ItemNumberCont::~MenuList_ItemNumberCont()	8	static
../../TouchGFX/gui/include/gui/pflapscreen_screen/pflapScreenView.hpp:13:13:pflapScreenView::~pflapScreenView()	16	static
../../TouchGFX/gui/include/gui/pflapscreen_screen/pflapScreenView.hpp:13:13:virtual pflapScreenView::~pflapScreenView()	8	static
../../TouchGFX/gui/include/gui/containers/MenuList_ItemNumberCont.hpp:14:13:virtual MenuList_ItemNumberCont::~MenuList_ItemNumberCont()	8	static
/home/jozefh/Development/mcu/prj/DC8500/TouchGFX/gui/src/pflapscreen_screen/pflapScreenView.cpp:3:1:pflapScreenView::pflapScreenView()	8	static
/home/jozefh/Development/mcu/prj/DC8500/TouchGFX/gui/src/pflapscreen_screen/pflapScreenView.cpp:54:6:void pflapScreenView::initPIDValues(pidConfig_st)	16	static
/home/jozefh/Development/mcu/prj/DC8500/TouchGFX/gui/src/pflapscreen_screen/pflapScreenView.cpp:9:6:virtual void pflapScreenView::setupScreen()	48	static
