../../Middlewares/ST/touchgfx/framework/include/touchgfx/Screen.hpp:104:18:virtual void touchgfx::Screen::afterTransition()	0	static
../../Middlewares/ST/touchgfx/framework/include/touchgfx/Screen.hpp:144:18:virtual void touchgfx::Screen::handleTickEvent()	0	static
../../Middlewares/ST/touchgfx/framework/include/touchgfx/Screen.hpp:154:18:virtual void touchgfx::Screen::handleKeyEvent(uint8_t)	0	static
../../Middlewares/ST/touchgfx/framework/include/touchgfx/Callback.hpp:290:8:touchgfx::Callback<sflapScreenView, const touchgfx::TextAreaWithOneWildcard&, const touchgfx::ClickEvent&>::~Callback()	0	static
/home/jozefh/Development/mcu/prj/DC8500/TouchGFX/gui/src/sflapscreen_screen/sflapScreenView.cpp:52:6:virtual void sflapScreenView::tearDownScreen()	0	static
../../Middlewares/ST/touchgfx/framework/include/touchgfx/Callback.hpp:318:18:void touchgfx::Callback<dest_type, T1, T2, void>::execute(T1, T2) [with dest_type = sflapScreenView; T1 = const touchgfx::TextAreaWithOneWildcard&; T2 = const touchgfx::ClickEvent&]	12	static
../../Middlewares/ST/touchgfx/framework/include/touchgfx/Callback.hpp:328:18:bool touchgfx::Callback<dest_type, T1, T2, void>::isValid() const [with dest_type = sflapScreenView; T1 = const touchgfx::TextAreaWithOneWildcard&; T2 = const touchgfx::ClickEvent&]	0	static
../../Middlewares/ST/touchgfx/framework/include/touchgfx/Callback.hpp:290:8:virtual touchgfx::Callback<sflapScreenView, const touchgfx::TextAreaWithOneWildcard&, const touchgfx::ClickEvent&>::~Callback()	8	static
/home/jozefh/Development/mcu/prj/DC8500/TouchGFX/gui/src/sflapscreen_screen/sflapScreenView.cpp:101:6:virtual void sflapScreenView::okBtn_clicked()	72	static
/home/jozefh/Development/mcu/prj/DC8500/TouchGFX/gui/src/sflapscreen_screen/sflapScreenView.cpp:69:6:void sflapScreenView::textAreaClickHandler(const touchgfx::TextAreaWithOneWildcard&, const touchgfx::ClickEvent&)	24	static
../../TouchGFX/gui/include/gui/containers/MenuList_ItemNumberCont.hpp:14:13:MenuList_ItemNumberCont::~MenuList_ItemNumberCont()	8	static
../../TouchGFX/gui/include/gui/sflapscreen_screen/sflapScreenView.hpp:13:13:sflapScreenView::~sflapScreenView()	16	static
../../TouchGFX/gui/include/gui/sflapscreen_screen/sflapScreenView.hpp:13:13:virtual sflapScreenView::~sflapScreenView()	8	static
../../TouchGFX/gui/include/gui/containers/MenuList_ItemNumberCont.hpp:14:13:virtual MenuList_ItemNumberCont::~MenuList_ItemNumberCont()	8	static
/home/jozefh/Development/mcu/prj/DC8500/TouchGFX/gui/src/sflapscreen_screen/sflapScreenView.cpp:6:1:sflapScreenView::sflapScreenView()	8	static
/home/jozefh/Development/mcu/prj/DC8500/TouchGFX/gui/src/sflapscreen_screen/sflapScreenView.cpp:57:6:void sflapScreenView::initPIDValues(pidConfig_st)	16	static
/home/jozefh/Development/mcu/prj/DC8500/TouchGFX/gui/src/sflapscreen_screen/sflapScreenView.cpp:12:6:virtual void sflapScreenView::setupScreen()	48	static
