../../Middlewares/ST/touchgfx/framework/include/touchgfx/Screen.hpp:104:18:virtual void touchgfx::Screen::afterTransition()	0	static
../../Middlewares/ST/touchgfx/framework/include/touchgfx/Screen.hpp:144:18:virtual void touchgfx::Screen::handleTickEvent()	0	static
../../Middlewares/ST/touchgfx/framework/include/touchgfx/Screen.hpp:154:18:virtual void touchgfx::Screen::handleKeyEvent(uint8_t)	0	static
../../Middlewares/ST/touchgfx/framework/include/touchgfx/TypedText.hpp:65:13:touchgfx::TypedText::~TypedText()	0	static
../../Middlewares/ST/touchgfx/framework/include/touchgfx/Callback.hpp:290:8:touchgfx::Callback<systemScreenView, const touchgfx::TextAreaWithOneWildcard&, const touchgfx::ClickEvent&>::~Callback()	0	static
../../Middlewares/ST/touchgfx/framework/include/touchgfx/Callback.hpp:357:8:touchgfx::Callback<systemScreenView, const touchgfx::AbstractButton&>::~Callback()	0	static
C:/Development/mcu/prj/DC8500/TouchGFX/gui/src/systemscreen_screen/systemScreenView.cpp:57:6:virtual void systemScreenView::tearDownScreen()	0	static
C:/Development/mcu/prj/DC8500/TouchGFX/gui/src/systemscreen_screen/systemScreenView.cpp:109:6:void systemScreenView::onToggleButttonChanged(const touchgfx::AbstractButton&)	0	static
../../Middlewares/ST/touchgfx/framework/include/touchgfx/Callback.hpp:386:18:void touchgfx::Callback<dest_type, T1, void, void>::execute(T1) [with dest_type = systemScreenView; T1 = const touchgfx::AbstractButton&]	8	static
../../Middlewares/ST/touchgfx/framework/include/touchgfx/Callback.hpp:396:18:bool touchgfx::Callback<dest_type, T1, void, void>::isValid() const [with dest_type = systemScreenView; T1 = const touchgfx::AbstractButton&]	0	static
../../Middlewares/ST/touchgfx/framework/include/touchgfx/Callback.hpp:318:18:void touchgfx::Callback<dest_type, T1, T2, void>::execute(T1, T2) [with dest_type = systemScreenView; T1 = const touchgfx::TextAreaWithOneWildcard&; T2 = const touchgfx::ClickEvent&]	12	static
../../Middlewares/ST/touchgfx/framework/include/touchgfx/Callback.hpp:328:18:bool touchgfx::Callback<dest_type, T1, T2, void>::isValid() const [with dest_type = systemScreenView; T1 = const touchgfx::TextAreaWithOneWildcard&; T2 = const touchgfx::ClickEvent&]	0	static
../../Middlewares/ST/touchgfx/framework/include/touchgfx/TypedText.hpp:65:13:virtual touchgfx::TypedText::~TypedText()	8	static
../../Middlewares/ST/touchgfx/framework/include/touchgfx/Callback.hpp:290:8:virtual touchgfx::Callback<systemScreenView, const touchgfx::TextAreaWithOneWildcard&, const touchgfx::ClickEvent&>::~Callback()	8	static
../../Middlewares/ST/touchgfx/framework/include/touchgfx/Callback.hpp:357:8:virtual touchgfx::Callback<systemScreenView, const touchgfx::AbstractButton&>::~Callback()	8	static
../../Middlewares/ST/touchgfx/framework/include/touchgfx/Bitmap.hpp:146:14:touchgfx::BitmapId touchgfx::Bitmap::getId() const	8	static
C:/Development/mcu/prj/DC8500/TouchGFX/gui/src/systemscreen_screen/systemScreenView.cpp:82:6:void systemScreenView::onTextAreaClick(const touchgfx::TextAreaWithOneWildcard&, const touchgfx::ClickEvent&)	24	static
C:\Development\mcu\tools\STM32CubeIDE_1.18.1\STM32CubeIDE\plugins\com.st.stm32cube.ide.mcu.externaltools.gnu-tools-for-stm32.13.3.rel1.win32_1.0.0.202411081344\tools\arm-none-eabi\include\c++\13.3.1\bits\std_function.h:267:7:), _Functor>::_M_manager(std::_Any_data&, const std::_Any_data&, std::_Manager_operation) [with _Res = void; _Functor = systemScreenView::defaultBtn_clicked()::<lambda()>; _ArgTypes = {}]	0	static
C:/Development/mcu/prj/DC8500/TouchGFX/gui/src/systemscreen_screen/systemScreenView.cpp:140:6:virtual void systemScreenView::defaultBtn_clicked()	32	static
../../TouchGFX/gui/include/gui/systemscreen_screen/systemScreenView.hpp:15:13:systemScreenView::~systemScreenView()	24	static
../../TouchGFX/gui/include/gui/systemscreen_screen/systemScreenView.hpp:15:13:virtual systemScreenView::~systemScreenView()	8	static
../../Middlewares/ST/touchgfx/framework/include/touchgfx/widgets/ToggleButton.hpp:58:10:bool touchgfx::ToggleButton::getState() const	8	static
C:/Development/mcu/prj/DC8500/TouchGFX/gui/src/systemscreen_screen/systemScreenView.cpp:148:6:virtual void systemScreenView::okBtn_clicked()	40	static
C:/Development/mcu/prj/DC8500/TouchGFX/gui/src/systemscreen_screen/systemScreenView.cpp:5:1:systemScreenView::systemScreenView()	8	static
C:/Development/mcu/prj/DC8500/TouchGFX/gui/src/systemscreen_screen/systemScreenView.cpp:63:6:void systemScreenView::initDispSett(disp_sett_st)	16	static
C:/Development/mcu/prj/DC8500/TouchGFX/gui/src/systemscreen_screen/systemScreenView.cpp:72:6:void systemScreenView::initSoundSett(sound_sett_st)	24	static
C:/Development/mcu/prj/DC8500/TouchGFX/gui/src/systemscreen_screen/systemScreenView.cpp:182:6:void systemScreenView::qd_okBtn_clicked()	0	static
C:\Development\mcu\tools\STM32CubeIDE_1.18.1\STM32CubeIDE\plugins\com.st.stm32cube.ide.mcu.externaltools.gnu-tools-for-stm32.13.3.rel1.win32_1.0.0.202411081344\tools\arm-none-eabi\include\c++\13.3.1\bits\std_function.h:288:7:) [with _Res = void; _Functor = systemScreenView::defaultBtn_clicked()::<lambda()>; _ArgTypes = {}]	0	static
C:/Development/mcu/prj/DC8500/TouchGFX/gui/src/systemscreen_screen/systemScreenView.cpp:12:6:virtual void systemScreenView::setupScreen()	40	static
