/home/jozefh/Development/mcu/prj/DC8500/Middlewares/Third_Party/FreeRTOS/Source/stream_buffer.c:1366:15:prvBytesInBuffer	0	static
/home/jozefh/Development/mcu/prj/DC8500/Middlewares/Third_Party/FreeRTOS/Source/stream_buffer.c:1276:15:prvWriteBytesToBuffer.part.0	24	static
/home/jozefh/Development/mcu/prj/DC8500/Middlewares/Third_Party/FreeRTOS/Source/stream_buffer.c:852:15:prvWriteMessageToBuffer	24	static
/home/jozefh/Development/mcu/prj/DC8500/Middlewares/Third_Party/FreeRTOS/Source/stream_buffer.c:1322:15:prvReadBytesFromBuffer.part.0	24	static
/home/jozefh/Development/mcu/prj/DC8500/Middlewares/Third_Party/FreeRTOS/Source/stream_buffer.c:1103:15:prvReadMessageFromBuffer	32	static
/home/jozefh/Development/mcu/prj/DC8500/Middlewares/Third_Party/FreeRTOS/Source/stream_buffer.c:1387:13:prvInitialiseNewStreamBuffer.isra	24	static
/home/jozefh/Development/mcu/prj/DC8500/Middlewares/Third_Party/FreeRTOS/Source/stream_buffer.c:321:26:xStreamBufferGenericCreate	32	static
/home/jozefh/Development/mcu/prj/DC8500/Middlewares/Third_Party/FreeRTOS/Source/stream_buffer.c:398:26:xStreamBufferGenericCreateStatic	32	static
/home/jozefh/Development/mcu/prj/DC8500/Middlewares/Third_Party/FreeRTOS/Source/stream_buffer.c:478:16:xStreamBufferGetStaticBuffers	8	static
/home/jozefh/Development/mcu/prj/DC8500/Middlewares/Third_Party/FreeRTOS/Source/stream_buffer.c:505:6:vStreamBufferDelete	8	static
/home/jozefh/Development/mcu/prj/DC8500/Middlewares/Third_Party/FreeRTOS/Source/stream_buffer.c:538:12:xStreamBufferReset	24	static
/home/jozefh/Development/mcu/prj/DC8500/Middlewares/Third_Party/FreeRTOS/Source/stream_buffer.c:595:12:xStreamBufferSetTriggerLevel	8	static
/home/jozefh/Development/mcu/prj/DC8500/Middlewares/Third_Party/FreeRTOS/Source/stream_buffer.c:625:8:xStreamBufferSpacesAvailable	16	static
/home/jozefh/Development/mcu/prj/DC8500/Middlewares/Third_Party/FreeRTOS/Source/stream_buffer.c:658:8:xStreamBufferBytesAvailable	8	static
/home/jozefh/Development/mcu/prj/DC8500/Middlewares/Third_Party/FreeRTOS/Source/stream_buffer.c:670:8:xStreamBufferSend	56	static
/home/jozefh/Development/mcu/prj/DC8500/Middlewares/Third_Party/FreeRTOS/Source/stream_buffer.c:801:8:xStreamBufferSendFromISR	32	static
/home/jozefh/Development/mcu/prj/DC8500/Middlewares/Third_Party/FreeRTOS/Source/stream_buffer.c:902:8:xStreamBufferReceive	40	static
/home/jozefh/Development/mcu/prj/DC8500/Middlewares/Third_Party/FreeRTOS/Source/stream_buffer.c:1006:8:xStreamBufferNextMessageLengthBytes	16	static
/home/jozefh/Development/mcu/prj/DC8500/Middlewares/Third_Party/FreeRTOS/Source/stream_buffer.c:1046:8:xStreamBufferReceiveFromISR	32	static
/home/jozefh/Development/mcu/prj/DC8500/Middlewares/Third_Party/FreeRTOS/Source/stream_buffer.c:1155:12:xStreamBufferIsEmpty	8	static
/home/jozefh/Development/mcu/prj/DC8500/Middlewares/Third_Party/FreeRTOS/Source/stream_buffer.c:1179:12:xStreamBufferIsFull	8	static
/home/jozefh/Development/mcu/prj/DC8500/Middlewares/Third_Party/FreeRTOS/Source/stream_buffer.c:1214:12:xStreamBufferSendCompletedFromISR	32	static
/home/jozefh/Development/mcu/prj/DC8500/Middlewares/Third_Party/FreeRTOS/Source/stream_buffer.c:1245:12:xStreamBufferReceiveCompletedFromISR	32	static
/home/jozefh/Development/mcu/prj/DC8500/Middlewares/Third_Party/FreeRTOS/Source/stream_buffer.c:1428:17:uxStreamBufferGetStreamBufferNumber	0	static
/home/jozefh/Development/mcu/prj/DC8500/Middlewares/Third_Party/FreeRTOS/Source/stream_buffer.c:1438:10:vStreamBufferSetStreamBufferNumber	0	static
/home/jozefh/Development/mcu/prj/DC8500/Middlewares/Third_Party/FreeRTOS/Source/stream_buffer.c:1449:13:ucStreamBufferGetStreamBufferType	0	static
