../../Drivers/STM32U5xx_HAL_Driver/Inc/stm32u5xx_ll_tim.h:1890:22:LL_TIM_EnableCounter	16	static
../../Drivers/STM32U5xx_HAL_Driver/Inc/stm32u5xx_ll_tim.h:1923:22:LL_TIM_EnableUpdateEvent	16	static
../../Drivers/STM32U5xx_HAL_Driver/Inc/stm32u5xx_ll_tim.h:2187:22:LL_TIM_SetPrescaler	16	static
../../Drivers/STM32U5xx_HAL_Driver/Inc/stm32u5xx_ll_tim.h:2216:22:LL_TIM_SetAutoReload	16	static
../../Drivers/STM32U5xx_HAL_Driver/Inc/stm32u5xx_ll_tim.h:2471:22:LL_TIM_CC_EnableChannel	16	static
../../Drivers/STM32U5xx_HAL_Driver/Inc/stm32u5xx_ll_tim.h:2625:22:LL_TIM_OC_SetMode	32	static
../../Drivers/STM32U5xx_HAL_Driver/Inc/stm32u5xx_ll_tim.h:2912:22:LL_TIM_OC_EnablePreload	24	static
../../Drivers/STM32U5xx_HAL_Driver/Inc/stm32u5xx_ll_tim.h:3120:22:LL_TIM_OC_SetCompareCH3	16	static
../../Drivers/STM32U5xx_HAL_Driver/Inc/stm32u5xx_ll_bus.h:845:22:LL_AHB2_GRP1_EnableClock	24	static
../../Drivers/STM32U5xx_HAL_Driver/Inc/stm32u5xx_ll_bus.h:1868:22:LL_APB1_GRP1_EnableClock	24	static
../../Drivers/STM32U5xx_HAL_Driver/Inc/stm32u5xx_ll_gpio.h:283:22:LL_GPIO_SetPinMode	48	static,ignoring_inline_asm
../../Drivers/STM32U5xx_HAL_Driver/Inc/stm32u5xx_ll_gpio.h:424:22:LL_GPIO_SetPinSpeed	48	static,ignoring_inline_asm
../../Drivers/STM32U5xx_HAL_Driver/Inc/stm32u5xx_ll_gpio.h:496:22:LL_GPIO_SetPinPull	48	static,ignoring_inline_asm
../../Drivers/STM32U5xx_HAL_Driver/Inc/stm32u5xx_ll_gpio.h:570:22:LL_GPIO_SetAFPin_0_7	48	static,ignoring_inline_asm
../Libraries/display/backlight.c:37:6:backlight_init	8	static
../Libraries/display/backlight.c:72:6:backlight_on	8	static
../Libraries/display/backlight.c:84:6:backlight_off	8	static
../Libraries/display/backlight.c:96:6:backlight_pwm	16	static
