../../Middlewares/ST/touchgfx/framework/include/mvp/Presenter.hpp:37:18:virtual void touchgfx::Presenter::activate()	16	static
../../Middlewares/ST/touchgfx/framework/include/mvp/Presenter.hpp:47:18:virtual void touchgfx::Presenter::deactivate()	16	static
../../Middlewares/ST/touchgfx/framework/include/mvp/Presenter.hpp:52:13:touchgfx::Presenter::~Presenter()	16	static
../../Middlewares/ST/touchgfx/framework/include/mvp/Presenter.hpp:52:13:virtual touchgfx::Presenter::~Presenter()	16	static
../../Middlewares/ST/touchgfx/framework/include/mvp/Presenter.hpp:58:5:touchgfx::Presenter::Presenter()	16	static
../../TouchGFX/gui/include/gui/model/ModelListener.hpp:11:5:ModelListener::ModelListener()	16	static
../../TouchGFX/gui/include/gui/model/ModelListener.hpp:13:13:ModelListener::~ModelListener()	16	static
../../TouchGFX/gui/include/gui/model/ModelListener.hpp:13:13:virtual ModelListener::~ModelListener()	16	static
../../TouchGFX/gui/include/gui/model/ModelListener.hpp:20:18:virtual void ModelListener::updateIcons(uint8_t)	16	static
../../TouchGFX/gui/include/gui/model/ModelListener.hpp:21:18:virtual void ModelListener::updateClock()	16	static
../../TouchGFX/gui/include/gui/model/ModelListener.hpp:22:18:virtual void ModelListener::updateSensors()	16	static
../../TouchGFX/gui/include/gui/model/ModelListener.hpp:23:18:virtual void ModelListener::updateOutputs()	16	static
../../TouchGFX/gui/include/gui/model/ModelListener.hpp:24:18:virtual void ModelListener::updatePAirFlap()	16	static
../../TouchGFX/gui/include/gui/model/ModelListener.hpp:25:18:virtual void ModelListener::updateSAirFlap()	16	static
../../TouchGFX/gui/include/gui/model/ModelListener.hpp:26:18:virtual void ModelListener::updateDebug()	16	static
../../TouchGFX/gui/include/gui/model/ModelListener.hpp:28:18:virtual void ModelListener::updateRegStatus()	16	static
../../TouchGFX/gui/include/gui/burnprocscreen_screen/burnProcScreenPresenter.hpp:28:13:burnProcScreenPresenter::~burnProcScreenPresenter()	16	static
../../TouchGFX/gui/include/gui/burnprocscreen_screen/burnProcScreenPresenter.hpp:28:13:virtual burnProcScreenPresenter::~burnProcScreenPresenter()	16	static
/home/jozefh/Development/mcu/prj/DC8500/TouchGFX/gui/src/burnprocscreen_screen/burnProcScreenPresenter.cpp:5:1:burnProcScreenPresenter::burnProcScreenPresenter(burnProcScreenView&)	16	static
/home/jozefh/Development/mcu/prj/DC8500/TouchGFX/gui/src/burnprocscreen_screen/burnProcScreenPresenter.cpp:11:6:virtual void burnProcScreenPresenter::activate()	104	static
/home/jozefh/Development/mcu/prj/DC8500/TouchGFX/gui/src/burnprocscreen_screen/burnProcScreenPresenter.cpp:19:6:virtual void burnProcScreenPresenter::deactivate()	16	static
/home/jozefh/Development/mcu/prj/DC8500/TouchGFX/gui/src/burnprocscreen_screen/burnProcScreenPresenter.cpp:25:6:void burnProcScreenPresenter::setBurnPhasesValues(burnPhases_st)	40	static
