../../Middlewares/ST/touchgfx/framework/include/touchgfx/Drawable.hpp:121:18:virtual void touchgfx::Drawable::invalidateContent() const	16	static
../../Middlewares/ST/touchgfx/framework/include/touchgfx/Drawable.hpp:315:18:virtual void touchgfx::Drawable::setX(int16_t)	16	static
../../Middlewares/ST/touchgfx/framework/include/touchgfx/Drawable.hpp:327:18:virtual void touchgfx::Drawable::setY(int16_t)	16	static
../../Middlewares/ST/touchgfx/framework/include/touchgfx/Drawable.hpp:356:18:virtual void touchgfx::Drawable::setWidth(int16_t)	16	static
../../Middlewares/ST/touchgfx/framework/include/touchgfx/Drawable.hpp:368:18:virtual void touchgfx::Drawable::setHeight(int16_t)	16	static
../../Middlewares/ST/touchgfx/framework/include/touchgfx/Drawable.hpp:378:18:virtual void touchgfx::Drawable::childGeometryChanged()	16	static
../../Middlewares/ST/touchgfx/framework/include/touchgfx/Drawable.hpp:389:18:virtual void touchgfx::Drawable::handleClickEvent(const touchgfx::ClickEvent&)	16	static
../../Middlewares/ST/touchgfx/framework/include/touchgfx/Drawable.hpp:401:18:virtual void touchgfx::Drawable::handleGestureEvent(const touchgfx::GestureEvent&)	16	static
../../Middlewares/ST/touchgfx/framework/include/touchgfx/Drawable.hpp:490:18:virtual void touchgfx::Drawable::handleDragEvent(const touchgfx::DragEvent&)	16	static
../../Middlewares/ST/touchgfx/framework/include/touchgfx/Drawable.hpp:501:18:virtual void touchgfx::Drawable::handleTickEvent()	16	static
../../Middlewares/ST/touchgfx/framework/include/touchgfx/Drawable.hpp:588:18:virtual void touchgfx::Drawable::moveTo(int16_t, int16_t)	16	static
../../Middlewares/ST/touchgfx/framework/include/touchgfx/containers/Container.hpp:165:23:virtual touchgfx::Drawable* touchgfx::Container::getFirstChild()	16	static
../../Middlewares/ST/touchgfx/framework/include/touchgfx/widgets/AbstractButton.hpp:63:10:void touchgfx::AbstractButton::setAction(touchgfx::GenericCallback<const touchgfx::AbstractButton&>&)	16	static
../../Middlewares/ST/touchgfx/framework/include/touchgfx/widgets/TextArea.hpp:246:22:const touchgfx::TypedText& touchgfx::TextArea::getTypedText() const	16	static
../../Middlewares/ST/touchgfx/framework/include/touchgfx/Callback.hpp:357:8:touchgfx::Callback<ComboBoxItemCont, const touchgfx::AbstractButton&>::~Callback()	16	static
../../Middlewares/ST/touchgfx/framework/include/touchgfx/Callback.hpp:357:8:virtual touchgfx::Callback<ComboBoxItemCont, const touchgfx::AbstractButton&>::~Callback()	16	static
../../TouchGFX/gui/include/gui/containers/ComboBoxItemCont.hpp:12:13:ComboBoxItemCont::~ComboBoxItemCont()	16	static
../../TouchGFX/gui/include/gui/containers/ComboBoxItemCont.hpp:12:13:virtual ComboBoxItemCont::~ComboBoxItemCont()	16	static
/home/jozefh/Development/mcu/prj/DC8500/TouchGFX/gui/src/containers/ComboBoxItemCont.cpp:3:1:ComboBoxItemCont::ComboBoxItemCont()	24	static
/home/jozefh/Development/mcu/prj/DC8500/TouchGFX/gui/src/containers/ComboBoxItemCont.cpp:11:6:virtual void ComboBoxItemCont::initialize()	16	static
/home/jozefh/Development/mcu/prj/DC8500/TouchGFX/gui/src/containers/ComboBoxItemCont.cpp:16:6:void ComboBoxItemCont::setText(const touchgfx::TypedText&)	16	static
/home/jozefh/Development/mcu/prj/DC8500/TouchGFX/gui/src/containers/ComboBoxItemCont.cpp:22:6:void ComboBoxItemCont::setIcon(touchgfx::BitmapId)	16	static
/home/jozefh/Development/mcu/prj/DC8500/TouchGFX/gui/src/containers/ComboBoxItemCont.cpp:28:6:void ComboBoxItemCont::setIndex(uint16_t)	16	static
/home/jozefh/Development/mcu/prj/DC8500/TouchGFX/gui/src/containers/ComboBoxItemCont.cpp:33:10:uint16_t ComboBoxItemCont::getIndex() const	16	static
/home/jozefh/Development/mcu/prj/DC8500/TouchGFX/gui/src/containers/ComboBoxItemCont.cpp:38:28:const touchgfx::TypedText& ComboBoxItemCont::getText() const	16	static
/home/jozefh/Development/mcu/prj/DC8500/TouchGFX/gui/src/containers/ComboBoxItemCont.cpp:45:6:void ComboBoxItemCont::setCallback(touchgfx::GenericCallback<const ComboBoxItemCont&>*)	16	static
/home/jozefh/Development/mcu/prj/DC8500/TouchGFX/gui/src/containers/ComboBoxItemCont.cpp:51:6:void ComboBoxItemCont::itemSelectedHandler(const touchgfx::AbstractButton&)	16	static
../../Middlewares/ST/touchgfx/framework/include/touchgfx/Callback.hpp:138:13:touchgfx::GenericCallback<T1, void, void>::~GenericCallback() [with T1 = const touchgfx::AbstractButton&]	16	static
../../Middlewares/ST/touchgfx/framework/include/touchgfx/Callback.hpp:138:13:touchgfx::GenericCallback<T1, void, void>::~GenericCallback() [with T1 = const touchgfx::AbstractButton&]	16	static
../../Middlewares/ST/touchgfx/framework/include/touchgfx/Callback.hpp:134:7:constexpr touchgfx::GenericCallback<const touchgfx::AbstractButton&>::GenericCallback()	16	static
../../Middlewares/ST/touchgfx/framework/include/touchgfx/Callback.hpp:373:5:touchgfx::Callback<dest_type, T1, void, void>::Callback(dest_type*, void (dest_type::*)(T1)) [with dest_type = ComboBoxItemCont; T1 = const touchgfx::AbstractButton&]	24	static
../../Middlewares/ST/touchgfx/framework/include/touchgfx/Callback.hpp:386:18:void touchgfx::Callback<dest_type, T1, void, void>::execute(T1) [with dest_type = ComboBoxItemCont; T1 = const touchgfx::AbstractButton&]	16	static
../../Middlewares/ST/touchgfx/framework/include/touchgfx/Callback.hpp:396:18:bool touchgfx::Callback<dest_type, T1, void, void>::isValid() const [with dest_type = ComboBoxItemCont; T1 = const touchgfx::AbstractButton&]	16	static
