../../Middlewares/ST/touchgfx/framework/include/touchgfx/Screen.hpp:104:18:virtual void touchgfx::Screen::afterTransition()	16	static
../../Middlewares/ST/touchgfx/framework/include/touchgfx/Screen.hpp:115:18:virtual void touchgfx::Screen::tearDownScreen()	16	static
../../Middlewares/ST/touchgfx/framework/include/touchgfx/Screen.hpp:144:18:virtual void touchgfx::Screen::handleTickEvent()	16	static
../../Middlewares/ST/touchgfx/framework/include/touchgfx/Screen.hpp:154:18:virtual void touchgfx::Screen::handleKeyEvent(uint8_t)	16	static
../../Middlewares/ST/touchgfx/framework/include/touchgfx/widgets/RadioButton.hpp:167:10:bool touchgfx::RadioButton::getSelected() const	16	static
../../TouchGFX/generated/gui_generated/include/gui_generated/distribscreen_screen/distribScreenViewBase.hpp:35:26:FrontendApplication& distribScreenViewBase::application()	16	static
../../TouchGFX/gui/include/gui/distribscreen_screen/distribScreenView.hpp:11:13:distribScreenView::~distribScreenView()	16	static
../../TouchGFX/gui/include/gui/distribscreen_screen/distribScreenView.hpp:11:13:virtual distribScreenView::~distribScreenView()	16	static
/home/jozefh/Development/mcu/prj/DC8500/TouchGFX/gui/src/distribscreen_screen/distribScreenView.cpp:3:1:distribScreenView::distribScreenView()	16	static
/home/jozefh/Development/mcu/prj/DC8500/TouchGFX/gui/src/distribscreen_screen/distribScreenView.cpp:8:6:virtual void distribScreenView::setupScreen()	16	static
/home/jozefh/Development/mcu/prj/DC8500/TouchGFX/gui/src/distribscreen_screen/distribScreenView.cpp:13:6:virtual void distribScreenView::tearDownScreen()	16	static
/home/jozefh/Development/mcu/prj/DC8500/TouchGFX/gui/src/distribscreen_screen/distribScreenView.cpp:18:6:void distribScreenView::initDistribBtn(uint8_t)	16	static
/home/jozefh/Development/mcu/prj/DC8500/TouchGFX/gui/src/distribscreen_screen/distribScreenView.cpp:27:6:virtual void distribScreenView::okBtnClicked()	24	static
