../../Middlewares/ST/touchgfx/framework/include/mvp/Presenter.hpp:37:18:virtual void touchgfx::Presenter::activate()	16	static
../../Middlewares/ST/touchgfx/framework/include/mvp/Presenter.hpp:47:18:virtual void touchgfx::Presenter::deactivate()	16	static
../../Middlewares/ST/touchgfx/framework/include/mvp/Presenter.hpp:52:13:touchgfx::Presenter::~Presenter()	16	static
../../Middlewares/ST/touchgfx/framework/include/mvp/Presenter.hpp:52:13:virtual touchgfx::Presenter::~Presenter()	16	static
../../Middlewares/ST/touchgfx/framework/include/mvp/Presenter.hpp:58:5:touchgfx::Presenter::Presenter()	16	static
../../TouchGFX/gui/include/gui/model/Model.hpp:80:10:void Model::setFireplaceDoorStatus(uint8_t)	16	static
../../TouchGFX/gui/include/gui/model/Model.hpp:85:10:void Model::setDoorTimerM(uint16_t)	16	static
../../TouchGFX/gui/include/gui/model/Model.hpp:95:10:void Model::startBurning()	16	static
../../TouchGFX/gui/include/gui/model/Model.hpp:100:16:burning_st Model::getFireplaceBurning()	24	static
../../TouchGFX/gui/include/gui/model/Model.hpp:105:14:sound_st Model::getSound()	16	static
../../TouchGFX/gui/include/gui/model/ModelListener.hpp:11:5:ModelListener::ModelListener()	16	static
../../TouchGFX/gui/include/gui/model/ModelListener.hpp:13:13:ModelListener::~ModelListener()	16	static
../../TouchGFX/gui/include/gui/model/ModelListener.hpp:13:13:virtual ModelListener::~ModelListener()	16	static
../../TouchGFX/gui/include/gui/model/ModelListener.hpp:20:18:virtual void ModelListener::updateIcons(uint8_t)	16	static
../../TouchGFX/gui/include/gui/model/ModelListener.hpp:21:18:virtual void ModelListener::updateClock()	16	static
../../TouchGFX/gui/include/gui/model/ModelListener.hpp:22:18:virtual void ModelListener::updateSensors()	16	static
../../TouchGFX/gui/include/gui/model/ModelListener.hpp:23:18:virtual void ModelListener::updateOutputs()	16	static
../../TouchGFX/gui/include/gui/model/ModelListener.hpp:24:18:virtual void ModelListener::updatePAirFlap()	16	static
../../TouchGFX/gui/include/gui/model/ModelListener.hpp:25:18:virtual void ModelListener::updateSAirFlap()	16	static
../../TouchGFX/gui/include/gui/model/ModelListener.hpp:26:18:virtual void ModelListener::updateDebug()	16	static
../../TouchGFX/gui/include/gui/model/ModelListener.hpp:28:18:virtual void ModelListener::updateRegStatus()	16	static
../../TouchGFX/gui/include/gui/mainscreen_screen/mainScreenPresenter.hpp:31:13:mainScreenPresenter::~mainScreenPresenter()	16	static
../../TouchGFX/gui/include/gui/mainscreen_screen/mainScreenPresenter.hpp:31:13:virtual mainScreenPresenter::~mainScreenPresenter()	16	static
/home/jozefh/Development/mcu/prj/DC8500/TouchGFX/gui/src/mainscreen_screen/mainScreenPresenter.cpp:5:1:mainScreenPresenter::mainScreenPresenter(mainScreenView&)	16	static
/home/jozefh/Development/mcu/prj/DC8500/TouchGFX/gui/src/mainscreen_screen/mainScreenPresenter.cpp:11:6:virtual void mainScreenPresenter::activate()	48	static
/home/jozefh/Development/mcu/prj/DC8500/TouchGFX/gui/src/mainscreen_screen/mainScreenPresenter.cpp:24:6:virtual void mainScreenPresenter::deactivate()	16	static
/home/jozefh/Development/mcu/prj/DC8500/TouchGFX/gui/src/mainscreen_screen/mainScreenPresenter.cpp:29:6:virtual void mainScreenPresenter::updateClock()	24	static
/home/jozefh/Development/mcu/prj/DC8500/TouchGFX/gui/src/mainscreen_screen/mainScreenPresenter.cpp:38:6:virtual void mainScreenPresenter::updateIcons(uint8_t)	24	static
/home/jozefh/Development/mcu/prj/DC8500/TouchGFX/gui/src/mainscreen_screen/mainScreenPresenter.cpp:47:6:virtual void mainScreenPresenter::updateSensors()	40	static
/home/jozefh/Development/mcu/prj/DC8500/TouchGFX/gui/src/mainscreen_screen/mainScreenPresenter.cpp:77:6:virtual void mainScreenPresenter::updateOutputs()	32	static
/home/jozefh/Development/mcu/prj/DC8500/TouchGFX/gui/src/mainscreen_screen/mainScreenPresenter.cpp:87:6:virtual void mainScreenPresenter::updatePAirFlap()	32	static
/home/jozefh/Development/mcu/prj/DC8500/TouchGFX/gui/src/mainscreen_screen/mainScreenPresenter.cpp:95:6:virtual void mainScreenPresenter::updateSAirFlap()	32	static
/home/jozefh/Development/mcu/prj/DC8500/TouchGFX/gui/src/mainscreen_screen/mainScreenPresenter.cpp:103:6:virtual void mainScreenPresenter::updateRegStatus()	40	static
/home/jozefh/Development/mcu/prj/DC8500/TouchGFX/gui/src/mainscreen_screen/mainScreenPresenter.cpp:119:6:virtual void mainScreenPresenter::updateDebug()	16	static
/home/jozefh/Development/mcu/prj/DC8500/TouchGFX/gui/src/mainscreen_screen/mainScreenPresenter.cpp:124:6:void mainScreenPresenter::doorBtnAction()	24	static
/home/jozefh/Development/mcu/prj/DC8500/TouchGFX/gui/src/mainscreen_screen/mainScreenPresenter.cpp:149:6:void mainScreenPresenter::doorBtnInit()	24	static
/home/jozefh/Development/mcu/prj/DC8500/TouchGFX/gui/src/mainscreen_screen/mainScreenPresenter.cpp:170:6:void mainScreenPresenter::soundBtnAction(uint8_t)	16	static
/home/jozefh/Development/mcu/prj/DC8500/TouchGFX/gui/src/mainscreen_screen/mainScreenPresenter.cpp:175:6:void mainScreenPresenter::setBPrqFlueTemp(uint16_t)	16	static
