../../Middlewares/ST/touchgfx/framework/include/mvp/Presenter.hpp:37:18:virtual void touchgfx::Presenter::activate()	16	static
../../Middlewares/ST/touchgfx/framework/include/mvp/Presenter.hpp:47:18:virtual void touchgfx::Presenter::deactivate()	16	static
../../Middlewares/ST/touchgfx/framework/include/mvp/Presenter.hpp:52:13:touchgfx::Presenter::~Presenter()	16	static
../../Middlewares/ST/touchgfx/framework/include/mvp/Presenter.hpp:52:13:virtual touchgfx::Presenter::~Presenter()	16	static
../../Middlewares/ST/touchgfx/framework/include/mvp/Presenter.hpp:58:5:touchgfx::Presenter::Presenter()	16	static
../../TouchGFX/gui/include/gui/model/ModelListener.hpp:11:5:ModelListener::ModelListener()	16	static
../../TouchGFX/gui/include/gui/model/ModelListener.hpp:13:13:ModelListener::~ModelListener()	16	static
../../TouchGFX/gui/include/gui/model/ModelListener.hpp:13:13:virtual ModelListener::~ModelListener()	16	static
../../TouchGFX/gui/include/gui/model/ModelListener.hpp:20:18:virtual void ModelListener::updateIcons(uint8_t)	16	static
../../TouchGFX/gui/include/gui/model/ModelListener.hpp:21:18:virtual void ModelListener::updateClock()	16	static
../../TouchGFX/gui/include/gui/model/ModelListener.hpp:22:18:virtual void ModelListener::updateSensors()	16	static
../../TouchGFX/gui/include/gui/model/ModelListener.hpp:23:18:virtual void ModelListener::updateOutputs()	16	static
../../TouchGFX/gui/include/gui/model/ModelListener.hpp:24:18:virtual void ModelListener::updatePAirFlap()	16	static
../../TouchGFX/gui/include/gui/model/ModelListener.hpp:25:18:virtual void ModelListener::updateSAirFlap()	16	static
../../TouchGFX/gui/include/gui/model/ModelListener.hpp:26:18:virtual void ModelListener::updateDebug()	16	static
../../TouchGFX/gui/include/gui/model/ModelListener.hpp:28:18:virtual void ModelListener::updateRegStatus()	16	static
../../TouchGFX/gui/include/gui/menuscreen_screen/menuScreenPresenter.hpp:28:13:menuScreenPresenter::~menuScreenPresenter()	16	static
../../TouchGFX/gui/include/gui/menuscreen_screen/menuScreenPresenter.hpp:28:13:virtual menuScreenPresenter::~menuScreenPresenter()	16	static
/home/jozefh/Development/mcu/prj/DC8500/TouchGFX/gui/src/menuscreen_screen/menuScreenPresenter.cpp:4:1:menuScreenPresenter::menuScreenPresenter(menuScreenView&)	16	static
/home/jozefh/Development/mcu/prj/DC8500/TouchGFX/gui/src/menuscreen_screen/menuScreenPresenter.cpp:10:6:virtual void menuScreenPresenter::activate()	24	static
/home/jozefh/Development/mcu/prj/DC8500/TouchGFX/gui/src/menuscreen_screen/menuScreenPresenter.cpp:21:6:virtual void menuScreenPresenter::deactivate()	16	static
