/opt/st/stm32cubeide_1.18.1/plugins/com.st.stm32cube.ide.mcu.externaltools.gnu-tools-for-stm32.13.3.rel1.linux64_1.0.0.202410170706/tools/arm-none-eabi/include/c++/13.3.1/new:174:33:void* operator new(std::size_t, void*)	16	static
../../Middlewares/ST/touchgfx/framework/include/touchgfx/events/ClickEvent.hpp:123:20:touchgfx::ClickEvent::ClickEventType touchgfx::ClickEvent::getType() const	16	static
../../Middlewares/ST/touchgfx/framework/include/touchgfx/Drawable.hpp:368:18:virtual void touchgfx::Drawable::setHeight(int16_t)	16	static
../../Middlewares/ST/touchgfx/framework/include/touchgfx/Screen.hpp:104:18:virtual void touchgfx::Screen::afterTransition()	16	static
../../Middlewares/ST/touchgfx/framework/include/touchgfx/Screen.hpp:115:18:virtual void touchgfx::Screen::tearDownScreen()	16	static
../../Middlewares/ST/touchgfx/framework/include/touchgfx/Screen.hpp:144:18:virtual void touchgfx::Screen::handleTickEvent()	16	static
../../Middlewares/ST/touchgfx/framework/include/touchgfx/Screen.hpp:154:18:virtual void touchgfx::Screen::handleKeyEvent(uint8_t)	16	static
../../Middlewares/ST/touchgfx/framework/include/touchgfx/TypedText.hpp:59:5:touchgfx::TypedText::TypedText(touchgfx::TypedTextId)	16	static
../../Middlewares/ST/touchgfx/framework/include/touchgfx/TypedText.hpp:65:13:touchgfx::TypedText::~TypedText()	16	static
../../Middlewares/ST/touchgfx/framework/include/touchgfx/TypedText.hpp:65:13:virtual touchgfx::TypedText::~TypedText()	16	static
/opt/st/stm32cubeide_1.18.1/plugins/com.st.stm32cube.ide.mcu.externaltools.gnu-tools-for-stm32.13.3.rel1.linux64_1.0.0.202410170706/tools/arm-none-eabi/include/c++/13.3.1/bits/std_function.h:85:17:void* std::_Any_data::_M_access()	16	static
/opt/st/stm32cubeide_1.18.1/plugins/com.st.stm32cube.ide.mcu.externaltools.gnu-tools-for-stm32.13.3.rel1.linux64_1.0.0.202410170706/tools/arm-none-eabi/include/c++/13.3.1/bits/std_function.h:86:17:const void* std::_Any_data::_M_access() const	16	static
/opt/st/stm32cubeide_1.18.1/plugins/com.st.stm32cube.ide.mcu.externaltools.gnu-tools-for-stm32.13.3.rel1.linux64_1.0.0.202410170706/tools/arm-none-eabi/include/c++/13.3.1/bits/std_function.h:241:5:std::_Function_base::~_Function_base()	16	static
/opt/st/stm32cubeide_1.18.1/plugins/com.st.stm32cube.ide.mcu.externaltools.gnu-tools-for-stm32.13.3.rel1.linux64_1.0.0.202410170706/tools/arm-none-eabi/include/c++/13.3.1/bits/std_function.h:334:11:std::function<void()>::~function()	16	static
../../TouchGFX/gui/include/gui/containers/MenuList_ItemTimeCont.hpp:11:13:MenuList_ItemTimeCont::~MenuList_ItemTimeCont()	16	static
../../TouchGFX/gui/include/gui/containers/MenuList_ItemTimeCont.hpp:11:13:virtual MenuList_ItemTimeCont::~MenuList_ItemTimeCont()	16	static
../../TouchGFX/gui/include/gui/containers/MenuList_ItemTimeCont.hpp:18:14:uint16_t MenuList_ItemTimeCont::getHours()	16	static
../../TouchGFX/gui/include/gui/containers/MenuList_ItemTimeCont.hpp:22:14:uint16_t MenuList_ItemTimeCont::getMinutes()	16	static
../../TouchGFX/gui/include/gui/containers/MenuList_ItemTimeCont.hpp:27:7:void MenuList_ItemTimeCont::setValueClickListener(touchgfx::GenericCallback<const touchgfx::TextAreaWithOneWildcard&, const touchgfx::ClickEvent&, void>&)	16	static
../../TouchGFX/gui/include/gui/containers/MenuList_ItemTimeCont.hpp:32:37:touchgfx::TextAreaWithOneWildcard& MenuList_ItemTimeCont::getValueTextArea()	16	static
../../TouchGFX/generated/gui_generated/include/gui_generated/systemscreen_screen/systemScreenViewBase.hpp:43:26:FrontendApplication& systemScreenViewBase::application()	16	static
../../TouchGFX/gui/include/gui/containers/MenuList_HeaderCont.hpp:11:13:MenuList_HeaderCont::~MenuList_HeaderCont()	16	static
../../TouchGFX/gui/include/gui/containers/MenuList_HeaderCont.hpp:11:13:virtual MenuList_HeaderCont::~MenuList_HeaderCont()	16	static
../../TouchGFX/gui/include/gui/containers/MenuList_ItemNumberCont.hpp:14:13:MenuList_ItemNumberCont::~MenuList_ItemNumberCont()	16	static
../../TouchGFX/gui/include/gui/containers/MenuList_ItemNumberCont.hpp:14:13:virtual MenuList_ItemNumberCont::~MenuList_ItemNumberCont()	16	static
../../TouchGFX/gui/include/gui/containers/MenuList_ItemSwitchCont.hpp:11:13:MenuList_ItemSwitchCont::~MenuList_ItemSwitchCont()	16	static
../../TouchGFX/gui/include/gui/containers/MenuList_ItemSwitchCont.hpp:11:13:virtual MenuList_ItemSwitchCont::~MenuList_ItemSwitchCont()	16	static
../../Middlewares/ST/touchgfx/framework/include/touchgfx/Callback.hpp:290:8:touchgfx::Callback<systemScreenView, const touchgfx::TextAreaWithOneWildcard&, const touchgfx::ClickEvent&>::~Callback()	16	static
../../Middlewares/ST/touchgfx/framework/include/touchgfx/Callback.hpp:290:8:virtual touchgfx::Callback<systemScreenView, const touchgfx::TextAreaWithOneWildcard&, const touchgfx::ClickEvent&>::~Callback()	16	static
../../TouchGFX/gui/include/gui/systemscreen_screen/systemScreenView.hpp:15:13:systemScreenView::~systemScreenView()	16	static
../../TouchGFX/gui/include/gui/systemscreen_screen/systemScreenView.hpp:15:13:virtual systemScreenView::~systemScreenView()	16	static
/home/jozefh/Development/mcu/prj/DC8500/TouchGFX/gui/src/systemscreen_screen/systemScreenView.cpp:5:1:systemScreenView::systemScreenView()	24	static
/home/jozefh/Development/mcu/prj/DC8500/TouchGFX/gui/src/systemscreen_screen/systemScreenView.cpp:11:6:virtual void systemScreenView::setupScreen()	24	static
/home/jozefh/Development/mcu/prj/DC8500/TouchGFX/gui/src/systemscreen_screen/systemScreenView.cpp:50:6:virtual void systemScreenView::tearDownScreen()	16	static
/home/jozefh/Development/mcu/prj/DC8500/TouchGFX/gui/src/systemscreen_screen/systemScreenView.cpp:56:6:void systemScreenView::initSoundSett(sound_sett_st)	24	static
/home/jozefh/Development/mcu/prj/DC8500/TouchGFX/gui/src/systemscreen_screen/systemScreenView.cpp:66:6:void systemScreenView::textAreaClickHandler(const touchgfx::TextAreaWithOneWildcard&, const touchgfx::ClickEvent&)	24	static
/home/jozefh/Development/mcu/prj/DC8500/TouchGFX/gui/src/systemscreen_screen/systemScreenView.cpp:85:38:systemScreenView::defaultBtn_clicked()::<lambda()>	16	static
/home/jozefh/Development/mcu/prj/DC8500/TouchGFX/gui/src/systemscreen_screen/systemScreenView.cpp:82:6:virtual void systemScreenView::defaultBtn_clicked()	56	static
/home/jozefh/Development/mcu/prj/DC8500/TouchGFX/gui/src/systemscreen_screen/systemScreenView.cpp:90:6:virtual void systemScreenView::okBtn_clicked()	24	static
/home/jozefh/Development/mcu/prj/DC8500/TouchGFX/gui/src/systemscreen_screen/systemScreenView.cpp:110:6:void systemScreenView::qd_okBtn_clicked()	16	static
../../Middlewares/ST/touchgfx/framework/include/touchgfx/mixins/ClickListener.hpp:64:10:void touchgfx::ClickListener<T>::setClickAction(touchgfx::GenericCallback<const T&, const touchgfx::ClickEvent&>&) [with T = touchgfx::TextAreaWithOneWildcard]	16	static
../../Middlewares/ST/touchgfx/framework/include/touchgfx/Callback.hpp:94:13:touchgfx::GenericCallback<T1, T2, void>::~GenericCallback() [with T1 = const touchgfx::TextAreaWithOneWildcard&; T2 = const touchgfx::ClickEvent&]	16	static
../../Middlewares/ST/touchgfx/framework/include/touchgfx/Callback.hpp:94:13:touchgfx::GenericCallback<T1, T2, void>::~GenericCallback() [with T1 = const touchgfx::TextAreaWithOneWildcard&; T2 = const touchgfx::ClickEvent&]	16	static
../../Middlewares/ST/touchgfx/framework/include/touchgfx/Callback.hpp:90:7:constexpr touchgfx::GenericCallback<const touchgfx::TextAreaWithOneWildcard&, const touchgfx::ClickEvent&, void>::GenericCallback()	16	static
../../Middlewares/ST/touchgfx/framework/include/touchgfx/Callback.hpp:306:5:touchgfx::Callback<dest_type, T1, T2, void>::Callback(dest_type*, void (dest_type::*)(T1, T2)) [with dest_type = systemScreenView; T1 = const touchgfx::TextAreaWithOneWildcard&; T2 = const touchgfx::ClickEvent&]	24	static
/opt/st/stm32cubeide_1.18.1/plugins/com.st.stm32cube.ide.mcu.externaltools.gnu-tools-for-stm32.13.3.rel1.linux64_1.0.0.202410170706/tools/arm-none-eabi/include/c++/13.3.1/bits/std_function.h:239:5:constexpr std::_Function_base::_Function_base()	16	static
/opt/st/stm32cubeide_1.18.1/plugins/com.st.stm32cube.ide.mcu.externaltools.gnu-tools-for-stm32.13.3.rel1.linux64_1.0.0.202410170706/tools/arm-none-eabi/include/c++/13.3.1/bits/std_function.h:435:2:)>::function(_Functor&&) [with _Functor = systemScreenView::defaultBtn_clicked()::<lambda()>; _Constraints = void; _Res = void; _ArgTypes = {}]	24	static
/opt/st/stm32cubeide_1.18.1/plugins/com.st.stm32cube.ide.mcu.externaltools.gnu-tools-for-stm32.13.3.rel1.linux64_1.0.0.202410170706/tools/arm-none-eabi/include/c++/13.3.1/bits/std_function.h:235:4:static bool std::_Function_base::_Base_manager<_Functor>::_M_not_empty_function(const _Tp&) [with _Tp = systemScreenView::defaultBtn_clicked()::<lambda()>; _Functor = systemScreenView::defaultBtn_clicked()::<lambda()>]	16	static
/opt/st/stm32cubeide_1.18.1/plugins/com.st.stm32cube.ide.mcu.externaltools.gnu-tools-for-stm32.13.3.rel1.linux64_1.0.0.202410170706/tools/arm-none-eabi/include/c++/13.3.1/bits/move.h:70:5:constexpr _Tp&& std::forward(typename remove_reference<_Functor>::type&) [with _Tp = systemScreenView::defaultBtn_clicked()::<lambda()>]	16	static
/opt/st/stm32cubeide_1.18.1/plugins/com.st.stm32cube.ide.mcu.externaltools.gnu-tools-for-stm32.13.3.rel1.linux64_1.0.0.202410170706/tools/arm-none-eabi/include/c++/13.3.1/bits/std_function.h:211:4:static void std::_Function_base::_Base_manager<_Functor>::_M_init_functor(std::_Any_data&, _Fn&&) [with _Fn = systemScreenView::defaultBtn_clicked()::<lambda()>; _Functor = systemScreenView::defaultBtn_clicked()::<lambda()>]	24	static
/opt/st/stm32cubeide_1.18.1/plugins/com.st.stm32cube.ide.mcu.externaltools.gnu-tools-for-stm32.13.3.rel1.linux64_1.0.0.202410170706/tools/arm-none-eabi/include/c++/13.3.1/bits/std_function.h:288:7:) [with _Res = void; _Functor = systemScreenView::defaultBtn_clicked()::<lambda()>; _ArgTypes = {}]	16	static
/opt/st/stm32cubeide_1.18.1/plugins/com.st.stm32cube.ide.mcu.externaltools.gnu-tools-for-stm32.13.3.rel1.linux64_1.0.0.202410170706/tools/arm-none-eabi/include/c++/13.3.1/bits/std_function.h:267:7:), _Functor>::_M_manager(std::_Any_data&, const std::_Any_data&, std::_Manager_operation) [with _Res = void; _Functor = systemScreenView::defaultBtn_clicked()::<lambda()>; _ArgTypes = {}]	32	static
/opt/st/stm32cubeide_1.18.1/plugins/com.st.stm32cube.ide.mcu.externaltools.gnu-tools-for-stm32.13.3.rel1.linux64_1.0.0.202410170706/tools/arm-none-eabi/include/c++/13.3.1/bits/std_function.h:150:4:static void std::_Function_base::_Base_manager<_Functor>::_M_create(std::_Any_data&, _Fn&&, std::true_type) [with _Fn = systemScreenView::defaultBtn_clicked()::<lambda()>; _Functor = systemScreenView::defaultBtn_clicked()::<lambda()>]	32	static
/opt/st/stm32cubeide_1.18.1/plugins/com.st.stm32cube.ide.mcu.externaltools.gnu-tools-for-stm32.13.3.rel1.linux64_1.0.0.202410170706/tools/arm-none-eabi/include/c++/13.3.1/bits/std_function.h:134:2:static _Functor* std::_Function_base::_Base_manager<_Functor>::_M_get_pointer(const std::_Any_data&) [with _Functor = systemScreenView::defaultBtn_clicked()::<lambda()>]	24	static
/opt/st/stm32cubeide_1.18.1/plugins/com.st.stm32cube.ide.mcu.externaltools.gnu-tools-for-stm32.13.3.rel1.linux64_1.0.0.202410170706/tools/arm-none-eabi/include/c++/13.3.1/bits/invoke.h:145:5:) [with _Res = void; _Callable = systemScreenView::defaultBtn_clicked()::<lambda()>&; _Args = {}]	24	static
/opt/st/stm32cubeide_1.18.1/plugins/com.st.stm32cube.ide.mcu.externaltools.gnu-tools-for-stm32.13.3.rel1.linux64_1.0.0.202410170706/tools/arm-none-eabi/include/c++/13.3.1/bits/std_function.h:90:7:_Tp& std::_Any_data::_M_access() [with _Tp = systemScreenView::defaultBtn_clicked()::<lambda()>*]	16	static
/opt/st/stm32cubeide_1.18.1/plugins/com.st.stm32cube.ide.mcu.externaltools.gnu-tools-for-stm32.13.3.rel1.linux64_1.0.0.202410170706/tools/arm-none-eabi/include/c++/13.3.1/bits/std_function.h:180:2:static bool std::_Function_base::_Base_manager<_Functor>::_M_manager(std::_Any_data&, const std::_Any_data&, std::_Manager_operation) [with _Functor = systemScreenView::defaultBtn_clicked()::<lambda()>]	32	static
/opt/st/stm32cubeide_1.18.1/plugins/com.st.stm32cube.ide.mcu.externaltools.gnu-tools-for-stm32.13.3.rel1.linux64_1.0.0.202410170706/tools/arm-none-eabi/include/c++/13.3.1/bits/std_function.h:95:7:const _Tp& std::_Any_data::_M_access() const [with _Tp = systemScreenView::defaultBtn_clicked()::<lambda()>]	16	static
/opt/st/stm32cubeide_1.18.1/plugins/com.st.stm32cube.ide.mcu.externaltools.gnu-tools-for-stm32.13.3.rel1.linux64_1.0.0.202410170706/tools/arm-none-eabi/include/c++/13.3.1/bits/move.h:51:5:constexpr _Tp* std::__addressof(_Tp&) [with _Tp = const systemScreenView::defaultBtn_clicked()::<lambda()>]	16	static
/opt/st/stm32cubeide_1.18.1/plugins/com.st.stm32cube.ide.mcu.externaltools.gnu-tools-for-stm32.13.3.rel1.linux64_1.0.0.202410170706/tools/arm-none-eabi/include/c++/13.3.1/bits/move.h:70:5:constexpr _Tp&& std::forward(typename remove_reference<_Functor>::type&) [with _Tp = systemScreenView::defaultBtn_clicked()::<lambda()>&]	16	static
/opt/st/stm32cubeide_1.18.1/plugins/com.st.stm32cube.ide.mcu.externaltools.gnu-tools-for-stm32.13.3.rel1.linux64_1.0.0.202410170706/tools/arm-none-eabi/include/c++/13.3.1/bits/invoke.h:60:5:) [with _Res = void; _Fn = systemScreenView::defaultBtn_clicked()::<lambda()>&; _Args = {}]	16	static
/opt/st/stm32cubeide_1.18.1/plugins/com.st.stm32cube.ide.mcu.externaltools.gnu-tools-for-stm32.13.3.rel1.linux64_1.0.0.202410170706/tools/arm-none-eabi/include/c++/13.3.1/bits/std_function.h:90:7:_Tp& std::_Any_data::_M_access() [with _Tp = const std::type_info*]	16	static
/opt/st/stm32cubeide_1.18.1/plugins/com.st.stm32cube.ide.mcu.externaltools.gnu-tools-for-stm32.13.3.rel1.linux64_1.0.0.202410170706/tools/arm-none-eabi/include/c++/13.3.1/bits/std_function.h:211:4:static void std::_Function_base::_Base_manager<_Functor>::_M_init_functor(std::_Any_data&, _Fn&&) [with _Fn = const systemScreenView::defaultBtn_clicked()::<lambda()>&; _Functor = systemScreenView::defaultBtn_clicked()::<lambda()>]	24	static
/opt/st/stm32cubeide_1.18.1/plugins/com.st.stm32cube.ide.mcu.externaltools.gnu-tools-for-stm32.13.3.rel1.linux64_1.0.0.202410170706/tools/arm-none-eabi/include/c++/13.3.1/bits/std_function.h:166:2:static void std::_Function_base::_Base_manager<_Functor>::_M_destroy(std::_Any_data&, std::true_type) [with _Functor = systemScreenView::defaultBtn_clicked()::<lambda()>]	16	static
/opt/st/stm32cubeide_1.18.1/plugins/com.st.stm32cube.ide.mcu.externaltools.gnu-tools-for-stm32.13.3.rel1.linux64_1.0.0.202410170706/tools/arm-none-eabi/include/c++/13.3.1/bits/move.h:70:5:constexpr _Tp&& std::forward(typename remove_reference<_Functor>::type&) [with _Tp = const systemScreenView::defaultBtn_clicked()::<lambda()>&]	16	static
/opt/st/stm32cubeide_1.18.1/plugins/com.st.stm32cube.ide.mcu.externaltools.gnu-tools-for-stm32.13.3.rel1.linux64_1.0.0.202410170706/tools/arm-none-eabi/include/c++/13.3.1/bits/std_function.h:150:4:static void std::_Function_base::_Base_manager<_Functor>::_M_create(std::_Any_data&, _Fn&&, std::true_type) [with _Fn = const systemScreenView::defaultBtn_clicked()::<lambda()>&; _Functor = systemScreenView::defaultBtn_clicked()::<lambda()>]	32	static
/opt/st/stm32cubeide_1.18.1/plugins/com.st.stm32cube.ide.mcu.externaltools.gnu-tools-for-stm32.13.3.rel1.linux64_1.0.0.202410170706/tools/arm-none-eabi/include/c++/13.3.1/bits/std_function.h:90:7:_Tp& std::_Any_data::_M_access() [with _Tp = systemScreenView::defaultBtn_clicked()::<lambda()>]	16	static
../../Middlewares/ST/touchgfx/framework/include/touchgfx/Callback.hpp:318:18:void touchgfx::Callback<dest_type, T1, T2, void>::execute(T1, T2) [with dest_type = systemScreenView; T1 = const touchgfx::TextAreaWithOneWildcard&; T2 = const touchgfx::ClickEvent&]	24	static
../../Middlewares/ST/touchgfx/framework/include/touchgfx/Callback.hpp:328:18:bool touchgfx::Callback<dest_type, T1, T2, void>::isValid() const [with dest_type = systemScreenView; T1 = const touchgfx::TextAreaWithOneWildcard&; T2 = const touchgfx::ClickEvent&]	16	static
