../../Middlewares/ST/touchgfx/framework/include/touchgfx/Font.hpp:169:13:touchgfx::Font::~Font()	16	static
../../Middlewares/ST/touchgfx/framework/include/touchgfx/Font.hpp:169:13:virtual touchgfx::Font::~Font()	16	static
../../Middlewares/ST/touchgfx/framework/include/touchgfx/ConstFont.hpp:35:7:touchgfx::ConstFont::~ConstFont()	16	static
../../Middlewares/ST/touchgfx/framework/include/touchgfx/ConstFont.hpp:35:7:virtual touchgfx::ConstFont::~ConstFont()	16	static
../../TouchGFX/generated/fonts/include/fonts/GeneratedFont.hpp:11:7:touchgfx::GeneratedFont::~GeneratedFont()	16	static
../../TouchGFX/generated/fonts/include/fonts/GeneratedFont.hpp:11:7:virtual touchgfx::GeneratedFont::~GeneratedFont()	16	static
/home/jozefh/Development/mcu/prj/DC8500/TouchGFX/generated/fonts/src/Table_Verdanab_TTF_22_4bpp.cpp:219:189:void __tcf_0()	8	static
/home/jozefh/Development/mcu/prj/DC8500/TouchGFX/generated/fonts/src/Table_Verdanab_TTF_22_4bpp.cpp:217:26:touchgfx::GeneratedFont& getFont_Verdanab_TTF_22_4bpp()	64	static,ignoring_inline_asm
